Component: Arm Compiler for Embedded 6.22 Tool: armlink [5ee90200]

==============================================================================

Section Cross References

    startup_stm32f407xx.o(STACK) refers (Special) to heapauxi.o(.text) for __use_two_region_memory
    startup_stm32f407xx.o(HEAP) refers (Special) to heapauxi.o(.text) for __use_two_region_memory
    startup_stm32f407xx.o(RESET) refers (Special) to heapauxi.o(.text) for __use_two_region_memory
    startup_stm32f407xx.o(RESET) refers to startup_stm32f407xx.o(STACK) for __initial_sp
    startup_stm32f407xx.o(RESET) refers to startup_stm32f407xx.o(.text) for Reset_Handler
    startup_stm32f407xx.o(RESET) refers to stm32f4xx_it.o(.text.NMI_Handler) for NMI_Handler
    startup_stm32f407xx.o(RESET) refers to stm32f4xx_it.o(.text.HardFault_Handler) for HardFault_Handler
    startup_stm32f407xx.o(RESET) refers to stm32f4xx_it.o(.text.MemManage_Handler) for MemManage_Handler
    startup_stm32f407xx.o(RESET) refers to stm32f4xx_it.o(.text.BusFault_Handler) for BusFault_Handler
    startup_stm32f407xx.o(RESET) refers to stm32f4xx_it.o(.text.UsageFault_Handler) for UsageFault_Handler
    startup_stm32f407xx.o(RESET) refers to port.o(.text.SVC_Handler) for SVC_Handler
    startup_stm32f407xx.o(RESET) refers to stm32f4xx_it.o(.text.DebugMon_Handler) for DebugMon_Handler
    startup_stm32f407xx.o(RESET) refers to port.o(.text.PendSV_Handler) for PendSV_Handler
    startup_stm32f407xx.o(RESET) refers to port.o(.text.SysTick_Handler) for SysTick_Handler
    startup_stm32f407xx.o(RESET) refers to stm32f4xx_it.o(.text.EXTI3_IRQHandler) for EXTI3_IRQHandler
    startup_stm32f407xx.o(RESET) refers to stm32f4xx_it.o(.text.DMA1_Stream1_IRQHandler) for DMA1_Stream1_IRQHandler
    startup_stm32f407xx.o(RESET) refers to stm32f4xx_it.o(.text.CAN1_RX0_IRQHandler) for CAN1_RX0_IRQHandler
    startup_stm32f407xx.o(RESET) refers to stm32f4xx_it.o(.text.TIM1_UP_TIM10_IRQHandler) for TIM1_UP_TIM10_IRQHandler
    startup_stm32f407xx.o(RESET) refers to stm32f4xx_it.o(.text.TIM4_IRQHandler) for TIM4_IRQHandler
    startup_stm32f407xx.o(RESET) refers to stm32f4xx_it.o(.text.USART1_IRQHandler) for USART1_IRQHandler
    startup_stm32f407xx.o(RESET) refers to stm32f4xx_it.o(.text.USART3_IRQHandler) for USART3_IRQHandler
    startup_stm32f407xx.o(RESET) refers to stm32f4xx_it.o(.text.TIM8_TRG_COM_TIM14_IRQHandler) for TIM8_TRG_COM_TIM14_IRQHandler
    startup_stm32f407xx.o(RESET) refers to stm32f4xx_it.o(.text.DMA2_Stream2_IRQHandler) for DMA2_Stream2_IRQHandler
    startup_stm32f407xx.o(RESET) refers to stm32f4xx_it.o(.text.CAN2_RX1_IRQHandler) for CAN2_RX1_IRQHandler
    startup_stm32f407xx.o(RESET) refers to stm32f4xx_it.o(.text.OTG_FS_IRQHandler) for OTG_FS_IRQHandler
    startup_stm32f407xx.o(.text) refers (Special) to heapauxi.o(.text) for __use_two_region_memory
    startup_stm32f407xx.o(.text) refers to system_stm32f4xx.o(.text.SystemInit) for SystemInit
    startup_stm32f407xx.o(.text) refers to __main.o(!!!main) for __main
    startup_stm32f407xx.o(.text) refers to startup_stm32f407xx.o(HEAP) for Heap_Mem
    startup_stm32f407xx.o(.text) refers to startup_stm32f407xx.o(STACK) for Stack_Mem
    main.o(.text.main) refers to stm32f4xx_hal.o(.text.HAL_Init) for HAL_Init
    main.o(.text.main) refers to main.o(.text.SystemClock_Config) for SystemClock_Config
    main.o(.text.main) refers to gpio.o(.text.MX_GPIO_Init) for MX_GPIO_Init
    main.o(.text.main) refers to dma.o(.text.MX_DMA_Init) for MX_DMA_Init
    main.o(.text.main) refers to can.o(.text.MX_CAN1_Init) for MX_CAN1_Init
    main.o(.text.main) refers to can.o(.text.MX_CAN2_Init) for MX_CAN2_Init
    main.o(.text.main) refers to i2c.o(.text.MX_I2C3_Init) for MX_I2C3_Init
    main.o(.text.main) refers to usart.o(.text.MX_USART1_UART_Init) for MX_USART1_UART_Init
    main.o(.text.main) refers to usart.o(.text.MX_USART3_UART_Init) for MX_USART3_UART_Init
    main.o(.text.main) refers to spi.o(.text.MX_SPI1_Init) for MX_SPI1_Init
    main.o(.text.main) refers to tim.o(.text.MX_TIM10_Init) for MX_TIM10_Init
    main.o(.text.main) refers to tim.o(.text.MX_TIM2_Init) for MX_TIM2_Init
    main.o(.text.main) refers to tim.o(.text.MX_TIM4_Init) for MX_TIM4_Init
    main.o(.text.main) refers to bsp_log.o(.text.Log_Init) for Log_Init
    main.o(.text.main) refers to bsp_dwt.o(.text.DWT_Init) for DWT_Init
    main.o(.text.main) refers to freertos.o(.text.MX_FREERTOS_Init) for MX_FREERTOS_Init
    main.o(.text.main) refers to cmsis_os.o(.text.osKernelStart) for osKernelStart
    main.o(.ARM.exidx.text.main) refers to main.o(.text.main) for [Anonymous Symbol]
    main.o(.text.SystemClock_Config) refers to rt_memclr_w.o(.text) for __aeabi_memclr4
    main.o(.text.SystemClock_Config) refers to stm32f4xx_hal_rcc.o(.text.HAL_RCC_OscConfig) for HAL_RCC_OscConfig
    main.o(.text.SystemClock_Config) refers to main.o(.text.Error_Handler) for Error_Handler
[...]
    Removing stm32f4xx_hal_i2c.o(.text.I2C_MasterReceive_BTF), (428 bytes).
    Removing stm32f4xx_hal_i2c.o(.ARM.exidx.text.I2C_MasterReceive_BTF), (8 bytes).
    Removing stm32f4xx_hal_i2c.o(.text.I2C_Slave_ADDR), (174 bytes).
    Removing stm32f4xx_hal_i2c.o(.ARM.exidx.text.I2C_Slave_ADDR), (8 bytes).
    Removing stm32f4xx_hal_i2c.o(.text.I2C_Slave_STOPF), (586 bytes).
    Removing stm32f4xx_hal_i2c.o(.ARM.exidx.text.I2C_Slave_STOPF), (8 bytes).
    Removing stm32f4xx_hal_i2c.o(.text.I2C_SlaveTransmit_TXE), (108 bytes).
    Removing stm32f4xx_hal_i2c.o(.ARM.exidx.text.I2C_SlaveTransmit_TXE), (8 bytes).
    Removing stm32f4xx_hal_i2c.o(.text.I2C_SlaveTransmit_BTF), (44 bytes).
    Removing stm32f4xx_hal_i2c.o(.ARM.exidx.text.I2C_SlaveTransmit_BTF), (8 bytes).
    Removing stm32f4xx_hal_i2c.o(.text.I2C_SlaveReceive_RXNE), (110 bytes).
    Removing stm32f4xx_hal_i2c.o(.ARM.exidx.text.I2C_SlaveReceive_RXNE), (8 bytes).
    Removing stm32f4xx_hal_i2c.o(.text.I2C_SlaveReceive_BTF), (46 bytes).
    Removing stm32f4xx_hal_i2c.o(.ARM.exidx.text.I2C_SlaveReceive_BTF), (8 bytes).
    Removing stm32f4xx_hal_i2c.o(.text.HAL_I2C_ER_IRQHandler), (378 bytes).
    Removing stm32f4xx_hal_i2c.o(.ARM.exidx.text.HAL_I2C_ER_IRQHandler), (8 bytes).
    Removing stm32f4xx_hal_i2c.o(.text.I2C_Slave_AF), (228 bytes).
    Removing stm32f4xx_hal_i2c.o(.ARM.exidx.text.I2C_Slave_AF), (8 bytes).
    Removing stm32f4xx_hal_i2c.o(.text.HAL_I2C_MasterTxCpltCallback), (8 bytes).
    Removing stm32f4xx_hal_i2c.o(.ARM.exidx.text.HAL_I2C_MasterTxCpltCallback), (8 bytes).
    Removing stm32f4xx_hal_i2c.o(.text.HAL_I2C_MasterRxCpltCallback), (8 bytes).
    Removing stm32f4xx_hal_i2c.o(.ARM.exidx.text.HAL_I2C_MasterRxCpltCallback), (8 bytes).
    Removing stm32f4xx_hal_i2c.o(.text.HAL_I2C_SlaveTxCpltCallback), (8 bytes).
    Removing stm32f4xx_hal_i2c.o(.ARM.exidx.text.HAL_I2C_SlaveTxCpltCallback), (8 bytes).
    Removing stm32f4xx_hal_i2c.o(.text.HAL_I2C_SlaveRxCpltCallback), (8 bytes).
    Removing stm32f4xx_hal_i2c.o(.ARM.exidx.text.HAL_I2C_SlaveRxCpltCallback), (8 bytes).
    Removing stm32f4xx_hal_i2c.o(.text.HAL_I2C_AddrCallback), (16 bytes).
    Removing stm32f4xx_hal_i2c.o(.ARM.exidx.text.HAL_I2C_AddrCallback), (8 bytes).
    Removing stm32f4xx_hal_i2c.o(.text.HAL_I2C_ListenCpltCallback), (8 bytes).
    Removing stm32f4xx_hal_i2c.o(.ARM.exidx.text.HAL_I2C_ListenCpltCallback), (8 bytes).
    Removing stm32f4xx_hal_i2c.o(.text.HAL_I2C_MemTxCpltCallback), (8 bytes).
    Removing stm32f4xx_hal_i2c.o(.ARM.exidx.text.HAL_I2C_MemTxCpltCallback), (8 bytes).
    Removing stm32f4xx_hal_i2c.o(.text.HAL_I2C_MemRxCpltCallback), (8 bytes).
    Removing stm32f4xx_hal_i2c.o(.ARM.exidx.text.HAL_I2C_MemRxCpltCallback), (8 bytes).
    Removing stm32f4xx_hal_i2c.o(.text.HAL_I2C_ErrorCallback), (8 bytes).
    Removing stm32f4xx_hal_i2c.o(.ARM.exidx.text.HAL_I2C_ErrorCallback), (8 bytes).
    Removing stm32f4xx_hal_i2c.o(.text.HAL_I2C_AbortCpltCallback), (8 bytes).
    Removing stm32f4xx_hal_i2c.o(.ARM.exidx.text.HAL_I2C_AbortCpltCallback), (8 bytes).
    Removing stm32f4xx_hal_i2c.o(.text.HAL_I2C_GetState), (14 bytes).
    Removing stm32f4xx_hal_i2c.o(.ARM.exidx.text.HAL_I2C_GetState), (8 bytes).
    Removing stm32f4xx_hal_i2c.o(.text.HAL_I2C_GetMode), (14 bytes).
    Removing stm32f4xx_hal_i2c.o(.ARM.exidx.text.HAL_I2C_GetMode), (8 bytes).
    Removing stm32f4xx_hal_i2c.o(.text.HAL_I2C_GetError), (12 bytes).
    Removing stm32f4xx_hal_i2c.o(.ARM.exidx.text.HAL_I2C_GetError), (8 bytes).
    Removing stm32f4xx_hal_i2c.o(.text.I2C_Flush_DR), (36 bytes).
    Removing stm32f4xx_hal_i2c.o(.ARM.exidx.text.I2C_Flush_DR), (8 bytes).
    Removing stm32f4xx_hal_i2c.o(.text.I2C_WaitOnSTOPRequestThroughIT), (120 bytes).
    Removing stm32f4xx_hal_i2c.o(.ARM.exidx.text.I2C_WaitOnSTOPRequestThroughIT), (8 bytes).
    Removing stm32f4xx_hal_i2c.o(.text.I2C_WaitOnMasterAddressFlagUntilTimeout), (340 bytes).
    Removing stm32f4xx_hal_i2c.o(.ARM.exidx.text.I2C_WaitOnMasterAddressFlagUntilTimeout), (8 bytes).
    Removing stm32f4xx_hal_i2c.o(.text.I2C_IsAcknowledgeFailed), (100 bytes).
    Removing stm32f4xx_hal_i2c.o(.ARM.exidx.text.I2C_IsAcknowledgeFailed), (8 bytes).
    Removing stm32f4xx_hal_i2c_ex.o(.text), (0 bytes).
    Removing stm32f4xx_hal_spi.o(.text), (0 bytes).
    Removing stm32f4xx_hal_spi.o(.ARM.exidx.text.HAL_SPI_Init), (8 bytes).
    Removing stm32f4xx_hal_spi.o(.text.HAL_SPI_MspInit), (8 bytes).
    Removing stm32f4xx_hal_spi.o(.ARM.exidx.text.HAL_SPI_MspInit), (8 bytes).
    Removing stm32f4xx_hal_spi.o(.text.HAL_SPI_DeInit), (86 bytes).
    Removing stm32f4xx_hal_spi.o(.ARM.exidx.text.HAL_SPI_DeInit), (8 bytes).
    Removing stm32f4xx_hal_spi.o(.text.HAL_SPI_MspDeInit), (8 bytes).
    Removing stm32f4xx_hal_spi.o(.ARM.exidx.text.HAL_SPI_MspDeInit), (8 bytes).
    Removing stm32f4xx_hal_spi.o(.ARM.exidx.text.HAL_SPI_Transmit), (8 bytes).
    Removing stm32f4xx_hal_spi.o(.ARM.exidx.text.SPI_EndRxTxTransaction), (8 bytes).
    Removing stm32f4xx_hal_spi.o(.text.HAL_SPI_Receive), (590 bytes).
    Removing stm32f4xx_hal_spi.o(.ARM.exidx.text.HAL_SPI_Receive), (8 bytes).
    Removing stm32f4xx_hal_spi.o(.ARM.exidx.text.HAL_SPI_TransmitReceive), (8 bytes).
    Removing stm32f4xx_hal_spi.o(.ARM.exidx.text.SPI_EndRxTransaction), (8 bytes).
    Removing stm32f4xx_hal_spi.o(.ARM.exidx.text.HAL_SPI_Transmit_IT), (8 bytes).
    Removing stm32f4xx_hal_spi.o(.ARM.exidx.text.SPI_TxISR_16BIT), (8 bytes).
    Removing stm32f4xx_hal_spi.o(.ARM.exidx.text.SPI_TxISR_8BIT), (8 bytes).
    Removing stm32f4xx_hal_spi.o(.text.HAL_SPI_Receive_IT), (332 bytes).
    Removing stm32f4xx_hal_spi.o(.ARM.exidx.text.HAL_SPI_Receive_IT), (8 bytes).
    Removing stm32f4xx_hal_spi.o(.ARM.exidx.text.HAL_SPI_TransmitReceive_IT), (8 bytes).
    Removing stm32f4xx_hal_spi.o(.text.SPI_RxISR_16BIT), (54 bytes).
    Removing stm32f4xx_hal_spi.o(.ARM.exidx.text.SPI_RxISR_16BIT), (8 bytes).
    Removing stm32f4xx_hal_spi.o(.text.SPI_RxISR_8BIT), (54 bytes).
    Removing stm32f4xx_hal_spi.o(.ARM.exidx.text.SPI_RxISR_8BIT), (8 bytes).
    Removing stm32f4xx_hal_spi.o(.ARM.exidx.text.SPI_2linesRxISR_16BIT), (8 bytes).
    Removing stm32f4xx_hal_spi.o(.ARM.exidx.text.SPI_2linesTxISR_16BIT), (8 bytes).
    Removing stm32f4xx_hal_spi.o(.ARM.exidx.text.SPI_2linesRxISR_8BIT), (8 bytes).
    Removing stm32f4xx_hal_spi.o(.ARM.exidx.text.SPI_2linesTxISR_8BIT), (8 bytes).
    Removing stm32f4xx_hal_spi.o(.ARM.exidx.text.HAL_SPI_Transmit_DMA), (8 bytes).
    Removing stm32f4xx_hal_spi.o(.ARM.exidx.text.SPI_DMAHalfTransmitCplt), (8 bytes).
    Removing stm32f4xx_hal_spi.o(.ARM.exidx.text.SPI_DMATransmitCplt), (8 bytes).
    Removing stm32f4xx_hal_spi.o(.ARM.exidx.text.SPI_DMAError), (8 bytes).
    Removing stm32f4xx_hal_spi.o(.text.HAL_SPI_Receive_DMA), (408 bytes).
    Removing stm32f4xx_hal_spi.o(.ARM.exidx.text.HAL_SPI_Receive_DMA), (8 bytes).
    Removing stm32f4xx_hal_spi.o(.ARM.exidx.text.HAL_SPI_TransmitReceive_DMA), (8 bytes).
    Removing stm32f4xx_hal_spi.o(.ARM.exidx.text.SPI_DMAHalfReceiveCplt), (8 bytes).
    Removing stm32f4xx_hal_spi.o(.ARM.exidx.text.SPI_DMAReceiveCplt), (8 bytes).
    Removing stm32f4xx_hal_spi.o(.ARM.exidx.text.SPI_DMAHalfTransmitReceiveCplt), (8 bytes).
    Removing stm32f4xx_hal_spi.o(.ARM.exidx.text.SPI_DMATransmitReceiveCplt), (8 bytes).
    Removing stm32f4xx_hal_spi.o(.text.HAL_SPI_Abort), (496 bytes).
    Removing stm32f4xx_hal_spi.o(.ARM.exidx.text.HAL_SPI_Abort), (8 bytes).
    Removing stm32f4xx_hal_spi.o(.text.SPI_AbortTx_ISR), (40 bytes).
    Removing stm32f4xx_hal_spi.o(.ARM.exidx.text.SPI_AbortTx_ISR), (8 bytes).
    Removing stm32f4xx_hal_spi.o(.text.SPI_AbortRx_ISR), (140 bytes).
    Removing stm32f4xx_hal_spi.o(.ARM.exidx.text.SPI_AbortRx_ISR), (8 bytes).
    Removing stm32f4xx_hal_spi.o(.text.HAL_SPI_Abort_IT), (548 bytes).
    Removing stm32f4xx_hal_spi.o(.ARM.exidx.text.HAL_SPI_Abort_IT), (8 bytes).
    Removing stm32f4xx_hal_spi.o(.text.SPI_DMATxAbortCallback), (232 bytes).
    Removing stm32f4xx_hal_spi.o(.ARM.exidx.text.SPI_DMATxAbortCallback), (8 bytes).
    Removing stm32f4xx_hal_spi.o(.text.SPI_DMARxAbortCallback), (192 bytes).
    Removing stm32f4xx_hal_spi.o(.ARM.exidx.text.SPI_DMARxAbortCallback), (8 bytes).
    Removing stm32f4xx_hal_spi.o(.text.HAL_SPI_AbortCpltCallback), (8 bytes).
    Removing stm32f4xx_hal_spi.o(.ARM.exidx.text.HAL_SPI_AbortCpltCallback), (8 bytes).
    Removing stm32f4xx_hal_spi.o(.text.HAL_SPI_DMAPause), (78 bytes).
    Removing stm32f4xx_hal_spi.o(.ARM.exidx.text.HAL_SPI_DMAPause), (8 bytes).
    Removing stm32f4xx_hal_spi.o(.text.HAL_SPI_DMAResume), (78 bytes).
    Removing stm32f4xx_hal_spi.o(.ARM.exidx.text.HAL_SPI_DMAResume), (8 bytes).
    Removing stm32f4xx_hal_spi.o(.text.HAL_SPI_DMAStop), (120 bytes).
    Removing stm32f4xx_hal_spi.o(.ARM.exidx.text.HAL_SPI_DMAStop), (8 bytes).
    Removing stm32f4xx_hal_spi.o(.text.HAL_SPI_IRQHandler), (560 bytes).
    Removing stm32f4xx_hal_spi.o(.ARM.exidx.text.HAL_SPI_IRQHandler), (8 bytes).
    Removing stm32f4xx_hal_spi.o(.text.SPI_DMAAbortOnError), (32 bytes).
    Removing stm32f4xx_hal_spi.o(.ARM.exidx.text.SPI_DMAAbortOnError), (8 bytes).
    Removing stm32f4xx_hal_spi.o(.ARM.exidx.text.HAL_SPI_ErrorCallback), (8 bytes).
    Removing stm32f4xx_hal_spi.o(.ARM.exidx.text.HAL_SPI_TxCpltCallback), (8 bytes).
    Removing stm32f4xx_hal_spi.o(.text.HAL_SPI_RxCpltCallback), (8 bytes).
    Removing stm32f4xx_hal_spi.o(.ARM.exidx.text.HAL_SPI_RxCpltCallback), (8 bytes).
    Removing stm32f4xx_hal_spi.o(.text.HAL_SPI_TxRxCpltCallback), (8 bytes).
    Removing stm32f4xx_hal_spi.o(.ARM.exidx.text.HAL_SPI_TxRxCpltCallback), (8 bytes).
    Removing stm32f4xx_hal_spi.o(.ARM.exidx.text.HAL_SPI_TxHalfCpltCallback), (8 bytes).
    Removing stm32f4xx_hal_spi.o(.ARM.exidx.text.HAL_SPI_RxHalfCpltCallback), (8 bytes).
    Removing stm32f4xx_hal_spi.o(.ARM.exidx.text.HAL_SPI_TxRxHalfCpltCallback), (8 bytes).
    Removing stm32f4xx_hal_spi.o(.text.HAL_SPI_GetState), (14 bytes).
    Removing stm32f4xx_hal_spi.o(.ARM.exidx.text.HAL_SPI_GetState), (8 bytes).
    Removing stm32f4xx_hal_spi.o(.text.HAL_SPI_GetError), (12 bytes).
    Removing stm32f4xx_hal_spi.o(.ARM.exidx.text.HAL_SPI_GetError), (8 bytes).
    Removing stm32f4xx_hal_spi.o(.ARM.exidx.text.SPI_CloseRxTx_ISR), (8 bytes).
    Removing stm32f4xx_hal_spi.o(.text.SPI_CloseRx_ISR), (124 bytes).
    Removing stm32f4xx_hal_spi.o(.ARM.exidx.text.SPI_CloseRx_ISR), (8 bytes).
    Removing stm32f4xx_hal_spi.o(.ARM.exidx.text.SPI_CloseTx_ISR), (8 bytes).
    Removing stm32f4xx_hal_spi.o(.ARM.exidx.text.SPI_WaitFlagStateUntilTimeout), (8 bytes).
    Removing stm32f4xx_hal_uart.o(.text), (0 bytes).
    Removing stm32f4xx_hal_uart.o(.ARM.exidx.text.HAL_UART_Init), (8 bytes).
    Removing stm32f4xx_hal_uart.o(.text.HAL_UART_MspInit), (8 bytes).
    Removing stm32f4xx_hal_uart.o(.ARM.exidx.text.HAL_UART_MspInit), (8 bytes).
    Removing stm32f4xx_hal_uart.o(.ARM.exidx.text.UART_SetConfig), (8 bytes).
    Removing stm32f4xx_hal_uart.o(.text.HAL_HalfDuplex_Init), (158 bytes).
    Removing stm32f4xx_hal_uart.o(.ARM.exidx.text.HAL_HalfDuplex_Init), (8 bytes).
    Removing stm32f4xx_hal_uart.o(.text.HAL_LIN_Init), (184 bytes).
    Removing stm32f4xx_hal_uart.o(.ARM.exidx.text.HAL_LIN_Init), (8 bytes).
    Removing stm32f4xx_hal_uart.o(.text.HAL_MultiProcessor_Init), (202 bytes).
    Removing stm32f4xx_hal_uart.o(.ARM.exidx.text.HAL_MultiProcessor_Init), (8 bytes).
    Removing stm32f4xx_hal_uart.o(.text.HAL_UART_DeInit), (100 bytes).
    Removing stm32f4xx_hal_uart.o(.ARM.exidx.text.HAL_UART_DeInit), (8 bytes).
    Removing stm32f4xx_hal_uart.o(.text.HAL_UART_MspDeInit), (8 bytes).
    Removing stm32f4xx_hal_uart.o(.ARM.exidx.text.HAL_UART_MspDeInit), (8 bytes).
    Removing stm32f4xx_hal_uart.o(.text.HAL_UART_Transmit), (304 bytes).
    Removing stm32f4xx_hal_uart.o(.ARM.exidx.text.HAL_UART_Transmit), (8 bytes).
    Removing stm32f4xx_hal_uart.o(.text.UART_WaitOnFlagUntilTimeout), (218 bytes).
    Removing stm32f4xx_hal_uart.o(.ARM.exidx.text.UART_WaitOnFlagUntilTimeout), (8 bytes).
    Removing stm32f4xx_hal_uart.o(.text.HAL_UART_Receive), (318 bytes).
    Removing stm32f4xx_hal_uart.o(.ARM.exidx.text.HAL_UART_Receive), (8 bytes).
    Removing stm32f4xx_hal_uart.o(.text.HAL_UART_Transmit_IT), (114 bytes).
    Removing stm32f4xx_hal_uart.o(.ARM.exidx.text.HAL_UART_Transmit_IT), (8 bytes).
    Removing stm32f4xx_hal_uart.o(.ARM.exidx.text.HAL_UART_Receive_IT), (8 bytes).
    Removing stm32f4xx_hal_uart.o(.ARM.exidx.text.UART_Start_Receive_IT), (8 bytes).
    Removing stm32f4xx_hal_uart.o(.text.HAL_UART_Transmit_DMA), (252 bytes).
    Removing stm32f4xx_hal_uart.o(.ARM.exidx.text.HAL_UART_Transmit_DMA), (8 bytes).
    Removing stm32f4xx_hal_uart.o(.text.UART_DMATransmitCplt), (122 bytes).
    Removing stm32f4xx_hal_uart.o(.ARM.exidx.text.UART_DMATransmitCplt), (8 bytes).
    Removing stm32f4xx_hal_uart.o(.text.UART_DMATxHalfCplt), (22 bytes).
    Removing stm32f4xx_hal_uart.o(.ARM.exidx.text.UART_DMATxHalfCplt), (8 bytes).
    Removing stm32f4xx_hal_uart.o(.ARM.exidx.text.UART_DMAError), (8 bytes).
    Removing stm32f4xx_hal_uart.o(.ARM.exidx.text.HAL_UART_Receive_DMA), (8 bytes).
    Removing stm32f4xx_hal_uart.o(.ARM.exidx.text.UART_Start_Receive_DMA), (8 bytes).
    Removing stm32f4xx_hal_uart.o(.text.HAL_UART_DMAPause), (230 bytes).
    Removing stm32f4xx_hal_uart.o(.ARM.exidx.text.HAL_UART_DMAPause), (8 bytes).
    Removing stm32f4xx_hal_uart.o(.text.HAL_UART_DMAResume), (226 bytes).
    Removing stm32f4xx_hal_uart.o(.ARM.exidx.text.HAL_UART_DMAResume), (8 bytes).
    Removing stm32f4xx_hal_uart.o(.ARM.exidx.text.HAL_UART_DMAStop), (8 bytes).
    Removing stm32f4xx_hal_uart.o(.ARM.exidx.text.UART_EndTxTransfer), (8 bytes).
    Removing stm32f4xx_hal_uart.o(.ARM.exidx.text.UART_EndRxTransfer), (8 bytes).
    Removing stm32f4xx_hal_uart.o(.text.HAL_UARTEx_ReceiveToIdle), (448 bytes).
    Removing stm32f4xx_hal_uart.o(.ARM.exidx.text.HAL_UARTEx_ReceiveToIdle), (8 bytes).
    Removing stm32f4xx_hal_uart.o(.text.HAL_UARTEx_ReceiveToIdle_IT), (194 bytes).
    Removing stm32f4xx_hal_uart.o(.ARM.exidx.text.HAL_UARTEx_ReceiveToIdle_IT), (8 bytes).
    Removing stm32f4xx_hal_uart.o(.ARM.exidx.text.HAL_UARTEx_ReceiveToIdle_DMA), (8 bytes).
    Removing stm32f4xx_hal_uart.o(.text.HAL_UARTEx_GetRxEventType), (12 bytes).
    Removing stm32f4xx_hal_uart.o(.ARM.exidx.text.HAL_UARTEx_GetRxEventType), (8 bytes).
    Removing stm32f4xx_hal_uart.o(.text.HAL_UART_Abort), (406 bytes).
    Removing stm32f4xx_hal_uart.o(.ARM.exidx.text.HAL_UART_Abort), (8 bytes).
    Removing stm32f4xx_hal_uart.o(.text.HAL_UART_AbortTransmit), (186 bytes).
    Removing stm32f4xx_hal_uart.o(.ARM.exidx.text.HAL_UART_AbortTransmit), (8 bytes).
    Removing stm32f4xx_hal_uart.o(.text.HAL_UART_AbortReceive), (278 bytes).
    Removing stm32f4xx_hal_uart.o(.ARM.exidx.text.HAL_UART_AbortReceive), (8 bytes).
    Removing stm32f4xx_hal_uart.o(.text.HAL_UART_Abort_IT), (478 bytes).
    Removing stm32f4xx_hal_uart.o(.ARM.exidx.text.HAL_UART_Abort_IT), (8 bytes).
    Removing stm32f4xx_hal_uart.o(.text.UART_DMATxAbortCallback), (86 bytes).
    Removing stm32f4xx_hal_uart.o(.ARM.exidx.text.UART_DMATxAbortCallback), (8 bytes).
    Removing stm32f4xx_hal_uart.o(.text.UART_DMARxAbortCallback), (86 bytes).
    Removing stm32f4xx_hal_uart.o(.ARM.exidx.text.UART_DMARxAbortCallback), (8 bytes).
    Removing stm32f4xx_hal_uart.o(.text.HAL_UART_AbortCpltCallback), (8 bytes).
    Removing stm32f4xx_hal_uart.o(.ARM.exidx.text.HAL_UART_AbortCpltCallback), (8 bytes).
    Removing stm32f4xx_hal_uart.o(.text.HAL_UART_AbortTransmit_IT), (194 bytes).
    Removing stm32f4xx_hal_uart.o(.ARM.exidx.text.HAL_UART_AbortTransmit_IT), (8 bytes).
    Removing stm32f4xx_hal_uart.o(.text.UART_DMATxOnlyAbortCallback), (36 bytes).
    Removing stm32f4xx_hal_uart.o(.ARM.exidx.text.UART_DMATxOnlyAbortCallback), (8 bytes).
    Removing stm32f4xx_hal_uart.o(.text.HAL_UART_AbortTransmitCpltCallback), (8 bytes).
    Removing stm32f4xx_hal_uart.o(.ARM.exidx.text.HAL_UART_AbortTransmitCpltCallback), (8 bytes).
    Removing stm32f4xx_hal_uart.o(.text.HAL_UART_AbortReceive_IT), (290 bytes).
    Removing stm32f4xx_hal_uart.o(.ARM.exidx.text.HAL_UART_AbortReceive_IT), (8 bytes).
    Removing stm32f4xx_hal_uart.o(.text.UART_DMARxOnlyAbortCallback), (40 bytes).
    Removing stm32f4xx_hal_uart.o(.ARM.exidx.text.UART_DMARxOnlyAbortCallback), (8 bytes).
    Removing stm32f4xx_hal_uart.o(.text.HAL_UART_AbortReceiveCpltCallback), (8 bytes).
    Removing stm32f4xx_hal_uart.o(.ARM.exidx.text.HAL_UART_AbortReceiveCpltCallback), (8 bytes).
    Removing stm32f4xx_hal_uart.o(.ARM.exidx.text.HAL_UART_IRQHandler), (8 bytes).
    Removing stm32f4xx_hal_uart.o(.ARM.exidx.text.UART_Receive_IT), (8 bytes).
    Removing stm32f4xx_hal_uart.o(.ARM.exidx.text.UART_DMAAbortOnError), (8 bytes).
    Removing stm32f4xx_hal_uart.o(.ARM.exidx.text.HAL_UART_ErrorCallback), (8 bytes).
    Removing stm32f4xx_hal_uart.o(.text.HAL_UARTEx_RxEventCallback), (12 bytes).
    Removing stm32f4xx_hal_uart.o(.ARM.exidx.text.HAL_UARTEx_RxEventCallback), (8 bytes).
    Removing stm32f4xx_hal_uart.o(.ARM.exidx.text.UART_Transmit_IT), (8 bytes).
    Removing stm32f4xx_hal_uart.o(.ARM.exidx.text.UART_EndTransmit_IT), (8 bytes).
    Removing stm32f4xx_hal_uart.o(.text.HAL_UART_TxCpltCallback), (8 bytes).
    Removing stm32f4xx_hal_uart.o(.ARM.exidx.text.HAL_UART_TxCpltCallback), (8 bytes).
    Removing stm32f4xx_hal_uart.o(.text.HAL_UART_TxHalfCpltCallback), (8 bytes).
    Removing stm32f4xx_hal_uart.o(.ARM.exidx.text.HAL_UART_TxHalfCpltCallback), (8 bytes).
    Removing stm32f4xx_hal_uart.o(.text.HAL_UART_RxCpltCallback), (8 bytes).
    Removing stm32f4xx_hal_uart.o(.ARM.exidx.text.HAL_UART_RxCpltCallback), (8 bytes).
    Removing stm32f4xx_hal_uart.o(.ARM.exidx.text.HAL_UART_RxHalfCpltCallback), (8 bytes).
    Removing stm32f4xx_hal_uart.o(.text.HAL_LIN_SendBreak), (120 bytes).
    Removing stm32f4xx_hal_uart.o(.ARM.exidx.text.HAL_LIN_SendBreak), (8 bytes).
    Removing stm32f4xx_hal_uart.o(.text.HAL_MultiProcessor_EnterMuteMode), (126 bytes).
    Removing stm32f4xx_hal_uart.o(.ARM.exidx.text.HAL_MultiProcessor_EnterMuteMode), (8 bytes).
    Removing stm32f4xx_hal_uart.o(.text.HAL_MultiProcessor_ExitMuteMode), (126 bytes).
    Removing stm32f4xx_hal_uart.o(.ARM.exidx.text.HAL_MultiProcessor_ExitMuteMode), (8 bytes).
    Removing stm32f4xx_hal_uart.o(.text.HAL_HalfDuplex_EnableTransmitter), (118 bytes).
    Removing stm32f4xx_hal_uart.o(.ARM.exidx.text.HAL_HalfDuplex_EnableTransmitter), (8 bytes).
    Removing stm32f4xx_hal_uart.o(.text.HAL_HalfDuplex_EnableReceiver), (118 bytes).
    Removing stm32f4xx_hal_uart.o(.ARM.exidx.text.HAL_HalfDuplex_EnableReceiver), (8 bytes).
    Removing stm32f4xx_hal_uart.o(.text.HAL_UART_GetState), (40 bytes).
    Removing stm32f4xx_hal_uart.o(.ARM.exidx.text.HAL_UART_GetState), (8 bytes).
    Removing stm32f4xx_hal_uart.o(.text.HAL_UART_GetError), (12 bytes).
    Removing stm32f4xx_hal_uart.o(.ARM.exidx.text.HAL_UART_GetError), (8 bytes).
    Removing stm32f4xx_hal_uart.o(.ARM.exidx.text.UART_DMAReceiveCplt), (8 bytes).
    Removing stm32f4xx_hal_uart.o(.ARM.exidx.text.UART_DMARxHalfCplt), (8 bytes).
    Removing system_stm32f4xx.o(.text), (0 bytes).
    Removing system_stm32f4xx.o(.ARM.exidx.text.SystemInit), (8 bytes).
    Removing system_stm32f4xx.o(.text.SystemCoreClockUpdate), (288 bytes).
    Removing system_stm32f4xx.o(.ARM.exidx.text.SystemCoreClockUpdate), (8 bytes).
    Removing croutine.o(.text), (0 bytes).
    Removing event_groups.o(.text), (0 bytes).
    Removing event_groups.o(.text.xEventGroupCreateStatic), (108 bytes).
    Removing event_groups.o(.ARM.exidx.text.xEventGroupCreateStatic), (8 bytes).
    Removing event_groups.o(.text.xEventGroupCreate), (50 bytes).
    Removing event_groups.o(.ARM.exidx.text.xEventGroupCreate), (8 bytes).
    Removing event_groups.o(.text.xEventGroupSync), (360 bytes).
    Removing event_groups.o(.ARM.exidx.text.xEventGroupSync), (8 bytes).
    Removing event_groups.o(.text.xEventGroupSetBits), (282 bytes).
    Removing event_groups.o(.ARM.exidx.text.xEventGroupSetBits), (8 bytes).
    Removing event_groups.o(.text.xEventGroupWaitBits), (442 bytes).
    Removing event_groups.o(.ARM.exidx.text.xEventGroupWaitBits), (8 bytes).
    Removing event_groups.o(.text.prvTestWaitCondition), (66 bytes).
    Removing event_groups.o(.ARM.exidx.text.prvTestWaitCondition), (8 bytes).
    Removing event_groups.o(.text.xEventGroupClearBits), (100 bytes).
    Removing event_groups.o(.ARM.exidx.text.xEventGroupClearBits), (8 bytes).
    Removing event_groups.o(.text.xEventGroupGetBitsFromISR), (58 bytes).
    Removing event_groups.o(.ARM.exidx.text.xEventGroupGetBitsFromISR), (8 bytes).
    Removing event_groups.o(.text.vEventGroupDelete), (106 bytes).
    Removing event_groups.o(.ARM.exidx.text.vEventGroupDelete), (8 bytes).
    Removing event_groups.o(.text.vEventGroupSetBitsCallback), (20 bytes).
    Removing event_groups.o(.ARM.exidx.text.vEventGroupSetBitsCallback), (8 bytes).
    Removing event_groups.o(.text.vEventGroupClearBitsCallback), (20 bytes).
    Removing event_groups.o(.ARM.exidx.text.vEventGroupClearBitsCallback), (8 bytes).
    Removing event_groups.o(.text.uxEventGroupGetNumber), (34 bytes).
    Removing event_groups.o(.ARM.exidx.text.uxEventGroupGetNumber), (8 bytes).
    Removing event_groups.o(.text.vEventGroupSetNumber), (16 bytes).
    Removing event_groups.o(.ARM.exidx.text.vEventGroupSetNumber), (8 bytes).
    Removing list.o(.text), (0 bytes).
    Removing list.o(.ARM.exidx.text.vListInitialise), (8 bytes).
    Removing list.o(.ARM.exidx.text.vListInitialiseItem), (8 bytes).
    Removing list.o(.ARM.exidx.text.vListInsertEnd), (8 bytes).
    Removing list.o(.ARM.exidx.text.vListInsert), (8 bytes).
    Removing list.o(.ARM.exidx.text.uxListRemove), (8 bytes).
    Removing queue.o(.text), (0 bytes).
    Removing queue.o(.ARM.exidx.text.xQueueGenericReset), (8 bytes).
    Removing queue.o(.ARM.exidx.text.xQueueGenericCreateStatic), (8 bytes).
    Removing queue.o(.ARM.exidx.text.prvInitialiseNewQueue), (8 bytes).
    Removing queue.o(.text.xQueueGenericCreate), (116 bytes).
    Removing queue.o(.ARM.exidx.text.xQueueGenericCreate), (8 bytes).
    Removing queue.o(.text.xQueueCreateMutex), (38 bytes).
    Removing queue.o(.ARM.exidx.text.xQueueCreateMutex), (8 bytes).
    Removing queue.o(.text.prvInitialiseMutex), (44 bytes).
    Removing queue.o(.ARM.exidx.text.prvInitialiseMutex), (8 bytes).
    Removing queue.o(.text.xQueueCreateMutexStatic), (50 bytes).
    Removing queue.o(.ARM.exidx.text.xQueueCreateMutexStatic), (8 bytes).
    Removing queue.o(.ARM.exidx.text.xQueueGenericSend), (8 bytes).
    Removing queue.o(.ARM.exidx.text.prvCopyDataToQueue), (8 bytes).
    Removing queue.o(.ARM.exidx.text.prvIsQueueFull), (8 bytes).
    Removing queue.o(.ARM.exidx.text.prvUnlockQueue), (8 bytes).
    Removing queue.o(.ARM.exidx.text.xQueueGenericSendFromISR), (8 bytes).
    Removing queue.o(.text.xQueueGiveFromISR), (292 bytes).
    Removing queue.o(.ARM.exidx.text.xQueueGiveFromISR), (8 bytes).
    Removing queue.o(.ARM.exidx.text.xQueueReceive), (8 bytes).
    Removing queue.o(.ARM.exidx.text.prvCopyDataFromQueue), (8 bytes).
    Removing queue.o(.ARM.exidx.text.prvIsQueueEmpty), (8 bytes).
    Removing queue.o(.text.xQueueSemaphoreTake), (556 bytes).
    Removing queue.o(.ARM.exidx.text.xQueueSemaphoreTake), (8 bytes).
    Removing queue.o(.text.prvGetDisinheritPriorityAfterTimeout), (38 bytes).
    Removing queue.o(.ARM.exidx.text.prvGetDisinheritPriorityAfterTimeout), (8 bytes).
    Removing queue.o(.text.xQueuePeek), (480 bytes).
    Removing queue.o(.ARM.exidx.text.xQueuePeek), (8 bytes).
    Removing queue.o(.text.xQueueReceiveFromISR), (264 bytes).
    Removing queue.o(.ARM.exidx.text.xQueueReceiveFromISR), (8 bytes).
    Removing queue.o(.text.xQueuePeekFromISR), (212 bytes).
    Removing queue.o(.ARM.exidx.text.xQueuePeekFromISR), (8 bytes).
    Removing queue.o(.text.uxQueueMessagesWaiting), (54 bytes).
    Removing queue.o(.ARM.exidx.text.uxQueueMessagesWaiting), (8 bytes).
    Removing queue.o(.text.uxQueueSpacesAvailable), (62 bytes).
    Removing queue.o(.ARM.exidx.text.uxQueueSpacesAvailable), (8 bytes).
    Removing queue.o(.text.uxQueueMessagesWaitingFromISR), (48 bytes).
    Removing queue.o(.ARM.exidx.text.uxQueueMessagesWaitingFromISR), (8 bytes).
    Removing queue.o(.text.vQueueDelete), (68 bytes).
    Removing queue.o(.ARM.exidx.text.vQueueDelete), (8 bytes).
    Removing queue.o(.text.vQueueUnregisterQueue), (84 bytes).
    Removing queue.o(.ARM.exidx.text.vQueueUnregisterQueue), (8 bytes).
    Removing queue.o(.text.uxQueueGetQueueNumber), (12 bytes).
    Removing queue.o(.ARM.exidx.text.uxQueueGetQueueNumber), (8 bytes).
    Removing queue.o(.text.vQueueSetQueueNumber), (16 bytes).
    Removing queue.o(.ARM.exidx.text.vQueueSetQueueNumber), (8 bytes).
    Removing queue.o(.text.ucQueueGetQueueType), (14 bytes).
    Removing queue.o(.ARM.exidx.text.ucQueueGetQueueType), (8 bytes).
    Removing queue.o(.text.xQueueIsQueueEmptyFromISR), (62 bytes).
    Removing queue.o(.ARM.exidx.text.xQueueIsQueueEmptyFromISR), (8 bytes).
    Removing queue.o(.text.xQueueIsQueueFullFromISR), (68 bytes).
    Removing queue.o(.ARM.exidx.text.xQueueIsQueueFullFromISR), (8 bytes).
    Removing queue.o(.ARM.exidx.text.vQueueAddToRegistry), (8 bytes).
    Removing queue.o(.text.pcQueueGetName), (80 bytes).
    Removing queue.o(.ARM.exidx.text.pcQueueGetName), (8 bytes).
    Removing queue.o(.ARM.exidx.text.vQueueWaitForMessageRestricted), (8 bytes).
    Removing stream_buffer.o(.text), (0 bytes).
    Removing stream_buffer.o(.text.xStreamBufferGenericCreate), (192 bytes).
    Removing stream_buffer.o(.ARM.exidx.text.xStreamBufferGenericCreate), (8 bytes).
    Removing stream_buffer.o(.text.prvInitialiseNewStreamBuffer), (106 bytes).
    Removing stream_buffer.o(.ARM.exidx.text.prvInitialiseNewStreamBuffer), (8 bytes).
    Removing stream_buffer.o(.text.xStreamBufferGenericCreateStatic), (268 bytes).
    Removing stream_buffer.o(.ARM.exidx.text.xStreamBufferGenericCreateStatic), (8 bytes).
    Removing stream_buffer.o(.text.vStreamBufferDelete), (72 bytes).
    Removing stream_buffer.o(.ARM.exidx.text.vStreamBufferDelete), (8 bytes).
    Removing stream_buffer.o(.text.xStreamBufferReset), (114 bytes).
    Removing stream_buffer.o(.ARM.exidx.text.xStreamBufferReset), (8 bytes).
    Removing stream_buffer.o(.text.xStreamBufferSetTriggerLevel), (86 bytes).
    Removing stream_buffer.o(.ARM.exidx.text.xStreamBufferSetTriggerLevel), (8 bytes).
    Removing stream_buffer.o(.text.xStreamBufferSpacesAvailable), (94 bytes).
    Removing stream_buffer.o(.ARM.exidx.text.xStreamBufferSpacesAvailable), (8 bytes).
    Removing stream_buffer.o(.text.xStreamBufferBytesAvailable), (52 bytes).
    Removing stream_buffer.o(.ARM.exidx.text.xStreamBufferBytesAvailable), (8 bytes).
    Removing stream_buffer.o(.text.prvBytesInBuffer), (56 bytes).
    Removing stream_buffer.o(.ARM.exidx.text.prvBytesInBuffer), (8 bytes).
    Removing stream_buffer.o(.text.xStreamBufferSend), (384 bytes).
    Removing stream_buffer.o(.ARM.exidx.text.xStreamBufferSend), (8 bytes).
    Removing stream_buffer.o(.text.prvWriteMessageToBuffer), (138 bytes).
    Removing stream_buffer.o(.ARM.exidx.text.prvWriteMessageToBuffer), (8 bytes).
    Removing stream_buffer.o(.text.xStreamBufferSendFromISR), (240 bytes).
    Removing stream_buffer.o(.ARM.exidx.text.xStreamBufferSendFromISR), (8 bytes).
    Removing stream_buffer.o(.text.xStreamBufferReceive), (328 bytes).
    Removing stream_buffer.o(.ARM.exidx.text.xStreamBufferReceive), (8 bytes).
    Removing stream_buffer.o(.text.prvReadMessageFromBuffer), (104 bytes).
    Removing stream_buffer.o(.ARM.exidx.text.prvReadMessageFromBuffer), (8 bytes).
    Removing stream_buffer.o(.text.xStreamBufferNextMessageLengthBytes), (142 bytes).
    Removing stream_buffer.o(.ARM.exidx.text.xStreamBufferNextMessageLengthBytes), (8 bytes).
    Removing stream_buffer.o(.text.prvReadBytesFromBuffer), (290 bytes).
    Removing stream_buffer.o(.ARM.exidx.text.prvReadBytesFromBuffer), (8 bytes).
    Removing stream_buffer.o(.text.xStreamBufferReceiveFromISR), (236 bytes).
    Removing stream_buffer.o(.ARM.exidx.text.xStreamBufferReceiveFromISR), (8 bytes).
    Removing stream_buffer.o(.text.xStreamBufferIsEmpty), (72 bytes).
    Removing stream_buffer.o(.ARM.exidx.text.xStreamBufferIsEmpty), (8 bytes).
    Removing stream_buffer.o(.text.xStreamBufferIsFull), (92 bytes).
    Removing stream_buffer.o(.ARM.exidx.text.xStreamBufferIsFull), (8 bytes).
    Removing stream_buffer.o(.text.xStreamBufferSendCompletedFromISR), (132 bytes).
    Removing stream_buffer.o(.ARM.exidx.text.xStreamBufferSendCompletedFromISR), (8 bytes).
    Removing stream_buffer.o(.text.xStreamBufferReceiveCompletedFromISR), (132 bytes).
    Removing stream_buffer.o(.ARM.exidx.text.xStreamBufferReceiveCompletedFromISR), (8 bytes).
    Removing stream_buffer.o(.text.uxStreamBufferGetStreamBufferNumber), (12 bytes).
    Removing stream_buffer.o(.ARM.exidx.text.uxStreamBufferGetStreamBufferNumber), (8 bytes).
    Removing stream_buffer.o(.text.vStreamBufferSetStreamBufferNumber), (16 bytes).
    Removing stream_buffer.o(.ARM.exidx.text.vStreamBufferSetStreamBufferNumber), (8 bytes).
    Removing stream_buffer.o(.text.ucStreamBufferGetStreamBufferType), (16 bytes).
    Removing stream_buffer.o(.ARM.exidx.text.ucStreamBufferGetStreamBufferType), (8 bytes).
    Removing stream_buffer.o(.text.prvWriteBytesToBuffer), (252 bytes).
    Removing stream_buffer.o(.ARM.exidx.text.prvWriteBytesToBuffer), (8 bytes).
    Removing tasks.o(.text), (0 bytes).
    Removing tasks.o(.ARM.exidx.text.xTaskCreateStatic), (8 bytes).
    Removing tasks.o(.ARM.exidx.text.prvInitialiseNewTask), (8 bytes).
    Removing tasks.o(.ARM.exidx.text.prvAddNewTaskToReadyList), (8 bytes).
    Removing tasks.o(.ARM.exidx.text.xTaskCreate), (8 bytes).
    Removing tasks.o(.text.vTaskDelete), (320 bytes).
    Removing tasks.o(.ARM.exidx.text.vTaskDelete), (8 bytes).
    Removing tasks.o(.ARM.exidx.text.prvDeleteTCB), (8 bytes).
    Removing tasks.o(.ARM.exidx.text.prvResetNextTaskUnblockTime), (8 bytes).
    Removing tasks.o(.ARM.exidx.text.vTaskDelay), (8 bytes).
    Removing tasks.o(.ARM.exidx.text.vTaskSuspendAll), (8 bytes).
    Removing tasks.o(.ARM.exidx.text.prvAddCurrentTaskToDelayedList), (8 bytes).
    Removing tasks.o(.ARM.exidx.text.xTaskResumeAll), (8 bytes).
    Removing tasks.o(.text.eTaskGetState), (246 bytes).
    Removing tasks.o(.ARM.exidx.text.eTaskGetState), (8 bytes).
    Removing tasks.o(.text.uxTaskPriorityGet), (56 bytes).
    Removing tasks.o(.ARM.exidx.text.uxTaskPriorityGet), (8 bytes).
    Removing tasks.o(.text.uxTaskPriorityGetFromISR), (90 bytes).
    Removing tasks.o(.ARM.exidx.text.uxTaskPriorityGetFromISR), (8 bytes).
    Removing tasks.o(.text.vTaskPrioritySet), (422 bytes).
    Removing tasks.o(.ARM.exidx.text.vTaskPrioritySet), (8 bytes).
    Removing tasks.o(.text.vTaskSuspend), (346 bytes).
    Removing tasks.o(.ARM.exidx.text.vTaskSuspend), (8 bytes).
    Removing tasks.o(.ARM.exidx.text.vTaskSwitchContext), (8 bytes).
    Removing tasks.o(.text.vTaskResume), (200 bytes).
    Removing tasks.o(.ARM.exidx.text.vTaskResume), (8 bytes).
    Removing tasks.o(.text.prvTaskIsTaskSuspended), (106 bytes).
    Removing tasks.o(.ARM.exidx.text.prvTaskIsTaskSuspended), (8 bytes).
    Removing tasks.o(.text.xTaskResumeFromISR), (230 bytes).
    Removing tasks.o(.ARM.exidx.text.xTaskResumeFromISR), (8 bytes).
    Removing tasks.o(.ARM.exidx.text.vTaskStartScheduler), (8 bytes).
    Removing tasks.o(.ARM.exidx.text.prvIdleTask), (8 bytes).
    Removing tasks.o(.text.vTaskEndScheduler), (42 bytes).
    Removing tasks.o(.ARM.exidx.text.vTaskEndScheduler), (8 bytes).
    Removing tasks.o(.ARM.exidx.text.xTaskIncrementTick), (8 bytes).
    Removing tasks.o(.ARM.exidx.text.xTaskGetTickCount), (8 bytes).
    Removing tasks.o(.text.xTaskGetTickCountFromISR), (30 bytes).
    Removing tasks.o(.ARM.exidx.text.xTaskGetTickCountFromISR), (8 bytes).
    Removing tasks.o(.text.uxTaskGetNumberOfTasks), (12 bytes).
    Removing tasks.o(.ARM.exidx.text.uxTaskGetNumberOfTasks), (8 bytes).
    Removing tasks.o(.text.pcTaskGetName), (70 bytes).
    Removing tasks.o(.ARM.exidx.text.pcTaskGetName), (8 bytes).
    Removing tasks.o(.text.uxTaskGetSystemState), (274 bytes).
    Removing tasks.o(.ARM.exidx.text.uxTaskGetSystemState), (8 bytes).
    Removing tasks.o(.text.prvListTasksWithinSingleList), (164 bytes).
    Removing tasks.o(.ARM.exidx.text.prvListTasksWithinSingleList), (8 bytes).
    Removing tasks.o(.text.xTaskCatchUpTicks), (78 bytes).
    Removing tasks.o(.ARM.exidx.text.xTaskCatchUpTicks), (8 bytes).
    Removing tasks.o(.ARM.exidx.text.vTaskPlaceOnEventList), (8 bytes).
    Removing tasks.o(.text.vTaskPlaceOnUnorderedEventList), (114 bytes).
    Removing tasks.o(.ARM.exidx.text.vTaskPlaceOnUnorderedEventList), (8 bytes).
    Removing tasks.o(.ARM.exidx.text.vTaskPlaceOnEventListRestricted), (8 bytes).
    Removing tasks.o(.ARM.exidx.text.xTaskRemoveFromEventList), (8 bytes).
    Removing tasks.o(.text.vTaskRemoveFromUnorderedEventList), (192 bytes).
    Removing tasks.o(.ARM.exidx.text.vTaskRemoveFromUnorderedEventList), (8 bytes).
    Removing tasks.o(.text.vTaskSetTimeOutState), (74 bytes).
    Removing tasks.o(.ARM.exidx.text.vTaskSetTimeOutState), (8 bytes).
    Removing tasks.o(.ARM.exidx.text.vTaskInternalSetTimeOutState), (8 bytes).
    Removing tasks.o(.ARM.exidx.text.xTaskCheckForTimeOut), (8 bytes).
    Removing tasks.o(.ARM.exidx.text.vTaskMissedYield), (8 bytes).
    Removing tasks.o(.text.uxTaskGetTaskNumber), (34 bytes).
    Removing tasks.o(.ARM.exidx.text.uxTaskGetTaskNumber), (8 bytes).
    Removing tasks.o(.text.vTaskSetTaskNumber), (28 bytes).
    Removing tasks.o(.ARM.exidx.text.vTaskSetTaskNumber), (8 bytes).
    Removing tasks.o(.text.vTaskGetInfo), (226 bytes).
    Removing tasks.o(.ARM.exidx.text.vTaskGetInfo), (8 bytes).
    Removing tasks.o(.text.prvTaskCheckFreeStackSpace), (48 bytes).
    Removing tasks.o(.ARM.exidx.text.prvTaskCheckFreeStackSpace), (8 bytes).
    Removing tasks.o(.text.uxTaskGetStackHighWaterMark), (56 bytes).
    Removing tasks.o(.ARM.exidx.text.uxTaskGetStackHighWaterMark), (8 bytes).
    Removing tasks.o(.text.xTaskGetCurrentTaskHandle), (20 bytes).
    Removing tasks.o(.ARM.exidx.text.xTaskGetCurrentTaskHandle), (8 bytes).
    Removing tasks.o(.ARM.exidx.text.xTaskGetSchedulerState), (8 bytes).
    Removing tasks.o(.text.xTaskPriorityInherit), (282 bytes).
    Removing tasks.o(.ARM.exidx.text.xTaskPriorityInherit), (8 bytes).
    Removing tasks.o(.ARM.exidx.text.xTaskPriorityDisinherit), (8 bytes).
    Removing tasks.o(.text.vTaskPriorityDisinheritAfterTimeout), (320 bytes).
    Removing tasks.o(.ARM.exidx.text.vTaskPriorityDisinheritAfterTimeout), (8 bytes).
    Removing tasks.o(.text.vTaskList), (270 bytes).
    Removing tasks.o(.ARM.exidx.text.vTaskList), (8 bytes).
    Removing tasks.o(.text.prvWriteNameToBuffer), (70 bytes).
    Removing tasks.o(.ARM.exidx.text.prvWriteNameToBuffer), (8 bytes).
    Removing tasks.o(.text.vTaskGetRunTimeStats), (254 bytes).
    Removing tasks.o(.ARM.exidx.text.vTaskGetRunTimeStats), (8 bytes).
    Removing tasks.o(.text.uxTaskResetEventItemValue), (34 bytes).
    Removing tasks.o(.ARM.exidx.text.uxTaskResetEventItemValue), (8 bytes).
    Removing tasks.o(.text.pvTaskIncrementMutexHeldCount), (44 bytes).
    Removing tasks.o(.ARM.exidx.text.pvTaskIncrementMutexHeldCount), (8 bytes).
    Removing tasks.o(.text.ulTaskNotifyTake), (186 bytes).
    Removing tasks.o(.ARM.exidx.text.ulTaskNotifyTake), (8 bytes).
    Removing tasks.o(.text.xTaskNotifyWait), (214 bytes).
    Removing tasks.o(.ARM.exidx.text.xTaskNotifyWait), (8 bytes).
    Removing tasks.o(.text.xTaskGenericNotify), (364 bytes).
    Removing tasks.o(.ARM.exidx.text.xTaskGenericNotify), (8 bytes).
    Removing tasks.o(.text.xTaskGenericNotifyFromISR), (440 bytes).
    Removing tasks.o(.ARM.exidx.text.xTaskGenericNotifyFromISR), (8 bytes).
    Removing tasks.o(.text.vTaskNotifyGiveFromISR), (300 bytes).
    Removing tasks.o(.ARM.exidx.text.vTaskNotifyGiveFromISR), (8 bytes).
    Removing tasks.o(.text.xTaskNotifyStateClear), (82 bytes).
    Removing tasks.o(.ARM.exidx.text.xTaskNotifyStateClear), (8 bytes).
    Removing tasks.o(.text.ulTaskNotifyValueClear), (76 bytes).
    Removing tasks.o(.ARM.exidx.text.ulTaskNotifyValueClear), (8 bytes).
    Removing tasks.o(.ARM.exidx.text.prvInitialiseTaskLists), (8 bytes).
    Removing tasks.o(.ARM.exidx.text.prvCheckTasksWaitingTermination), (8 bytes).
    Removing timers.o(.text), (0 bytes).
    Removing timers.o(.ARM.exidx.text.xTimerCreateTimerTask), (8 bytes).
    Removing timers.o(.ARM.exidx.text.prvCheckForValidListAndQueue), (8 bytes).
    Removing timers.o(.ARM.exidx.text.prvTimerTask), (8 bytes).
    Removing timers.o(.text.xTimerCreate), (74 bytes).
    Removing timers.o(.ARM.exidx.text.xTimerCreate), (8 bytes).
    Removing timers.o(.text.prvInitialiseNewTimer), (118 bytes).
    Removing timers.o(.ARM.exidx.text.prvInitialiseNewTimer), (8 bytes).
    Removing timers.o(.text.xTimerCreateStatic), (138 bytes).
    Removing timers.o(.ARM.exidx.text.xTimerCreateStatic), (8 bytes).
    Removing timers.o(.ARM.exidx.text.xTimerGenericCommand), (8 bytes).
    Removing timers.o(.text.xTimerGetTimerDaemonTaskHandle), (52 bytes).
    Removing timers.o(.ARM.exidx.text.xTimerGetTimerDaemonTaskHandle), (8 bytes).
    Removing timers.o(.text.xTimerGetPeriod), (44 bytes).
    Removing timers.o(.ARM.exidx.text.xTimerGetPeriod), (8 bytes).
    Removing timers.o(.text.vTimerSetReloadMode), (90 bytes).
    Removing timers.o(.ARM.exidx.text.vTimerSetReloadMode), (8 bytes).
    Removing timers.o(.text.uxTimerGetReloadMode), (78 bytes).
    Removing timers.o(.ARM.exidx.text.uxTimerGetReloadMode), (8 bytes).
    Removing timers.o(.text.xTimerGetExpiryTime), (48 bytes).
    Removing timers.o(.ARM.exidx.text.xTimerGetExpiryTime), (8 bytes).
    Removing timers.o(.text.pcTimerGetName), (44 bytes).
    Removing timers.o(.ARM.exidx.text.pcTimerGetName), (8 bytes).
    Removing timers.o(.text.xTimerIsTimerActive), (76 bytes).
    Removing timers.o(.ARM.exidx.text.xTimerIsTimerActive), (8 bytes).
    Removing timers.o(.text.pvTimerGetTimerID), (58 bytes).
    Removing timers.o(.ARM.exidx.text.pvTimerGetTimerID), (8 bytes).
    Removing timers.o(.text.vTimerSetTimerID), (58 bytes).
    Removing timers.o(.ARM.exidx.text.vTimerSetTimerID), (8 bytes).
    Removing timers.o(.text.uxTimerGetTimerNumber), (12 bytes).
    Removing timers.o(.ARM.exidx.text.uxTimerGetTimerNumber), (8 bytes).
    Removing timers.o(.text.vTimerSetTimerNumber), (16 bytes).
    Removing timers.o(.ARM.exidx.text.vTimerSetTimerNumber), (8 bytes).
    Removing timers.o(.ARM.exidx.text.prvGetNextExpireTime), (8 bytes).
    Removing timers.o(.ARM.exidx.text.prvProcessTimerOrBlockTask), (8 bytes).
    Removing timers.o(.ARM.exidx.text.prvProcessReceivedCommands), (8 bytes).
    Removing timers.o(.ARM.exidx.text.prvSampleTimeNow), (8 bytes).
    Removing timers.o(.ARM.exidx.text.prvProcessExpiredTimer), (8 bytes).
    Removing timers.o(.ARM.exidx.text.prvSwitchTimerLists), (8 bytes).
    Removing timers.o(.ARM.exidx.text.prvInsertTimerInActiveList), (8 bytes).
    Removing cmsis_os.o(.text), (0 bytes).
    Removing cmsis_os.o(.ARM.exidx.text.osKernelStart), (8 bytes).
    Removing cmsis_os.o(.text.osKernelRunning), (32 bytes).
    Removing cmsis_os.o(.ARM.exidx.text.osKernelRunning), (8 bytes).
    Removing cmsis_os.o(.text.osKernelSysTick), (34 bytes).
    Removing cmsis_os.o(.ARM.exidx.text.osKernelSysTick), (8 bytes).
    Removing cmsis_os.o(.text.inHandlerMode), (20 bytes).
    Removing cmsis_os.o(.ARM.exidx.text.inHandlerMode), (8 bytes).
    Removing cmsis_os.o(.ARM.exidx.text.osThreadCreate), (8 bytes).
    Removing cmsis_os.o(.ARM.exidx.text.makeFreeRtosPriority), (8 bytes).
    Removing cmsis_os.o(.text.osThreadGetId), (8 bytes).
    Removing cmsis_os.o(.ARM.exidx.text.osThreadGetId), (8 bytes).
    Removing cmsis_os.o(.text.osThreadTerminate), (18 bytes).
    Removing cmsis_os.o(.ARM.exidx.text.osThreadTerminate), (8 bytes).
    Removing cmsis_os.o(.text.osThreadYield), (26 bytes).
    Removing cmsis_os.o(.ARM.exidx.text.osThreadYield), (8 bytes).
    Removing cmsis_os.o(.text.osThreadSetPriority), (36 bytes).
    Removing cmsis_os.o(.ARM.exidx.text.osThreadSetPriority), (8 bytes).
    Removing cmsis_os.o(.text.osThreadGetPriority), (54 bytes).
    Removing cmsis_os.o(.ARM.exidx.text.osThreadGetPriority), (8 bytes).
    Removing cmsis_os.o(.text.makeCmsisPriority), (36 bytes).
    Removing cmsis_os.o(.ARM.exidx.text.makeCmsisPriority), (8 bytes).
    Removing cmsis_os.o(.ARM.exidx.text.osDelay), (8 bytes).
    Removing cmsis_os.o(.text.osTimerCreate), (114 bytes).
    Removing cmsis_os.o(.ARM.exidx.text.osTimerCreate), (8 bytes).
    Removing cmsis_os.o(.text.osTimerStart), (138 bytes).
    Removing cmsis_os.o(.ARM.exidx.text.osTimerStart), (8 bytes).
    Removing cmsis_os.o(.text.osTimerStop), (122 bytes).
    Removing cmsis_os.o(.ARM.exidx.text.osTimerStop), (8 bytes).
    Removing cmsis_os.o(.text.osTimerDelete), (70 bytes).
    Removing cmsis_os.o(.ARM.exidx.text.osTimerDelete), (8 bytes).
    Removing cmsis_os.o(.text.osSignalSet), (126 bytes).
    Removing cmsis_os.o(.ARM.exidx.text.osSignalSet), (8 bytes).
    Removing cmsis_os.o(.text.osSignalWait), (160 bytes).
    Removing cmsis_os.o(.ARM.exidx.text.osSignalWait), (8 bytes).
    Removing cmsis_os.o(.text.osMutexCreate), (44 bytes).
    Removing cmsis_os.o(.ARM.exidx.text.osMutexCreate), (8 bytes).
    Removing cmsis_os.o(.text.osMutexWait), (166 bytes).
    Removing cmsis_os.o(.ARM.exidx.text.osMutexWait), (8 bytes).
    Removing cmsis_os.o(.text.osMutexRelease), (110 bytes).
    Removing cmsis_os.o(.ARM.exidx.text.osMutexRelease), (8 bytes).
    Removing cmsis_os.o(.text.osMutexDelete), (38 bytes).
    Removing cmsis_os.o(.ARM.exidx.text.osMutexDelete), (8 bytes).
    Removing cmsis_os.o(.text.osSemaphoreCreate), (112 bytes).
    Removing cmsis_os.o(.ARM.exidx.text.osSemaphoreCreate), (8 bytes).
    Removing cmsis_os.o(.text.osSemaphoreWait), (166 bytes).
    Removing cmsis_os.o(.ARM.exidx.text.osSemaphoreWait), (8 bytes).
    Removing cmsis_os.o(.text.osSemaphoreRelease), (110 bytes).
    Removing cmsis_os.o(.ARM.exidx.text.osSemaphoreRelease), (8 bytes).
    Removing cmsis_os.o(.text.osSemaphoreDelete), (38 bytes).
    Removing cmsis_os.o(.ARM.exidx.text.osSemaphoreDelete), (8 bytes).
    Removing cmsis_os.o(.text.osPoolCreate), (180 bytes).
    Removing cmsis_os.o(.ARM.exidx.text.osPoolCreate), (8 bytes).
    Removing cmsis_os.o(.text.osPoolAlloc), (180 bytes).
    Removing cmsis_os.o(.ARM.exidx.text.osPoolAlloc), (8 bytes).
    Removing cmsis_os.o(.text.osPoolCAlloc), (34 bytes).
    Removing cmsis_os.o(.ARM.exidx.text.osPoolCAlloc), (8 bytes).
    Removing cmsis_os.o(.text.osPoolFree), (132 bytes).
    Removing cmsis_os.o(.ARM.exidx.text.osPoolFree), (8 bytes).
    Removing cmsis_os.o(.text.osMessageCreate), (74 bytes).
    Removing cmsis_os.o(.ARM.exidx.text.osMessageCreate), (8 bytes).
    Removing cmsis_os.o(.text.osMessagePut), (132 bytes).
    Removing cmsis_os.o(.ARM.exidx.text.osMessagePut), (8 bytes).
    Removing cmsis_os.o(.text.osMessageGet), (210 bytes).
    Removing cmsis_os.o(.ARM.exidx.text.osMessageGet), (8 bytes).
    Removing cmsis_os.o(.text.osMailCreate), (166 bytes).
    Removing cmsis_os.o(.ARM.exidx.text.osMailCreate), (8 bytes).
    Removing cmsis_os.o(.text.osMailAlloc), (42 bytes).
    Removing cmsis_os.o(.ARM.exidx.text.osMailAlloc), (8 bytes).
    Removing cmsis_os.o(.text.osMailCAlloc), (70 bytes).
    Removing cmsis_os.o(.ARM.exidx.text.osMailCAlloc), (8 bytes).
    Removing cmsis_os.o(.text.osMailPut), (130 bytes).
    Removing cmsis_os.o(.ARM.exidx.text.osMailPut), (8 bytes).
    Removing cmsis_os.o(.text.osMailGet), (210 bytes).
    Removing cmsis_os.o(.ARM.exidx.text.osMailGet), (8 bytes).
    Removing cmsis_os.o(.text.osMailFree), (40 bytes).
    Removing cmsis_os.o(.ARM.exidx.text.osMailFree), (8 bytes).
    Removing cmsis_os.o(.text.osSystickHandler), (20 bytes).
    Removing cmsis_os.o(.ARM.exidx.text.osSystickHandler), (8 bytes).
    Removing cmsis_os.o(.text.osThreadSuspend), (18 bytes).
    Removing cmsis_os.o(.ARM.exidx.text.osThreadSuspend), (8 bytes).
    Removing cmsis_os.o(.text.osThreadResume), (66 bytes).
    Removing cmsis_os.o(.ARM.exidx.text.osThreadResume), (8 bytes).
    Removing cmsis_os.o(.text.osThreadSuspendAll), (10 bytes).
    Removing cmsis_os.o(.ARM.exidx.text.osThreadSuspendAll), (8 bytes).
    Removing cmsis_os.o(.text.osThreadResumeAll), (32 bytes).
    Removing cmsis_os.o(.ARM.exidx.text.osThreadResumeAll), (8 bytes).
    Removing cmsis_os.o(.text.osDelayUntil), (12 bytes).
    Removing cmsis_os.o(.ARM.exidx.text.osDelayUntil), (8 bytes).
    Removing cmsis_os.o(.text.osAbortDelay), (10 bytes).
    Removing cmsis_os.o(.ARM.exidx.text.osAbortDelay), (8 bytes).
    Removing cmsis_os.o(.text.osThreadList), (18 bytes).
    Removing cmsis_os.o(.ARM.exidx.text.osThreadList), (8 bytes).
    Removing cmsis_os.o(.text.osMessagePeek), (128 bytes).
    Removing cmsis_os.o(.ARM.exidx.text.osMessagePeek), (8 bytes).
    Removing cmsis_os.o(.text.osMessageWaiting), (40 bytes).
    Removing cmsis_os.o(.ARM.exidx.text.osMessageWaiting), (8 bytes).
    Removing cmsis_os.o(.text.osMessageAvailableSpace), (16 bytes).
    Removing cmsis_os.o(.ARM.exidx.text.osMessageAvailableSpace), (8 bytes).
    Removing cmsis_os.o(.text.osMessageDelete), (38 bytes).
    Removing cmsis_os.o(.ARM.exidx.text.osMessageDelete), (8 bytes).
    Removing cmsis_os.o(.text.osRecursiveMutexCreate), (10 bytes).
    Removing cmsis_os.o(.ARM.exidx.text.osRecursiveMutexCreate), (8 bytes).
    Removing cmsis_os.o(.text.osRecursiveMutexRelease), (10 bytes).
    Removing cmsis_os.o(.ARM.exidx.text.osRecursiveMutexRelease), (8 bytes).
    Removing cmsis_os.o(.text.osRecursiveMutexWait), (12 bytes).
    Removing cmsis_os.o(.ARM.exidx.text.osRecursiveMutexWait), (8 bytes).
    Removing cmsis_os.o(.text.osSemaphoreGetCount), (16 bytes).
    Removing cmsis_os.o(.ARM.exidx.text.osSemaphoreGetCount), (8 bytes).
    Removing cmsis_os.o(.rodata.str1.1), (1 bytes).
    Removing heap_4.o(.text), (0 bytes).
    Removing heap_4.o(.ARM.exidx.text.pvPortMalloc), (8 bytes).
    Removing heap_4.o(.ARM.exidx.text.prvHeapInit), (8 bytes).
    Removing heap_4.o(.ARM.exidx.text.prvInsertBlockIntoFreeList), (8 bytes).
    Removing heap_4.o(.ARM.exidx.text.vPortFree), (8 bytes).
    Removing heap_4.o(.text.xPortGetFreeHeapSize), (12 bytes).
    Removing heap_4.o(.ARM.exidx.text.xPortGetFreeHeapSize), (8 bytes).
    Removing heap_4.o(.text.xPortGetMinimumEverFreeHeapSize), (12 bytes).
    Removing heap_4.o(.ARM.exidx.text.xPortGetMinimumEverFreeHeapSize), (8 bytes).
    Removing heap_4.o(.text.vPortInitialiseBlocks), (2 bytes).
    Removing heap_4.o(.ARM.exidx.text.vPortInitialiseBlocks), (8 bytes).
    Removing heap_4.o(.text.vPortGetHeapStats), (206 bytes).
    Removing heap_4.o(.ARM.exidx.text.vPortGetHeapStats), (8 bytes).
    Removing port.o(.text), (0 bytes).
    Removing port.o(.ARM.exidx.text.pxPortInitialiseStack), (8 bytes).
    Removing port.o(.ARM.exidx.text.prvTaskExitError), (8 bytes).
    Removing port.o(.ARM.exidx.text.SVC_Handler), (8 bytes).
    Removing port.o(.ARM.exidx.text.xPortStartScheduler), (8 bytes).
    Removing port.o(.ARM.exidx.text.vPortSetupTimerInterrupt), (8 bytes).
    Removing port.o(.ARM.exidx.text.vPortEnableVFP), (8 bytes).
    Removing port.o(.ARM.exidx.text.prvPortStartFirstTask), (8 bytes).
    Removing port.o(.text.vPortEndScheduler), (46 bytes).
    Removing port.o(.ARM.exidx.text.vPortEndScheduler), (8 bytes).
    Removing port.o(.ARM.exidx.text.vPortEnterCritical), (8 bytes).
    Removing port.o(.ARM.exidx.text.vPortExitCritical), (8 bytes).
    Removing port.o(.ARM.exidx.text.PendSV_Handler), (8 bytes).
    Removing port.o(.ARM.exidx.text.SysTick_Handler), (8 bytes).
    Removing port.o(.ARM.exidx.text.vPortValidateInterruptPriority), (8 bytes).
    Removing usbd_core.o(.text), (0 bytes).
    Removing usbd_core.o(.ARM.exidx.text.USBD_Init), (8 bytes).
    Removing usbd_core.o(.text.USBD_DeInit), (82 bytes).
    Removing usbd_core.o(.ARM.exidx.text.USBD_DeInit), (8 bytes).
    Removing usbd_core.o(.ARM.exidx.text.USBD_RegisterClass), (8 bytes).
    Removing usbd_core.o(.ARM.exidx.text.USBD_Start), (8 bytes).
    Removing usbd_core.o(.text.USBD_Stop), (42 bytes).
    Removing usbd_core.o(.ARM.exidx.text.USBD_Stop), (8 bytes).
    Removing usbd_core.o(.ARM.exidx.text.USBD_RunTestMode), (8 bytes).
    Removing usbd_core.o(.ARM.exidx.text.USBD_SetClassConfig), (8 bytes).
    Removing usbd_core.o(.ARM.exidx.text.USBD_ClrClassConfig), (8 bytes).
    Removing usbd_core.o(.ARM.exidx.text.USBD_LL_SetupStage), (8 bytes).
    Removing usbd_core.o(.ARM.exidx.text.USBD_LL_DataOutStage), (8 bytes).
    Removing usbd_core.o(.ARM.exidx.text.USBD_CoreFindIF), (8 bytes).
    Removing usbd_core.o(.ARM.exidx.text.USBD_CoreFindEP), (8 bytes).
    Removing usbd_core.o(.ARM.exidx.text.USBD_LL_DataInStage), (8 bytes).
    Removing usbd_core.o(.ARM.exidx.text.USBD_LL_Reset), (8 bytes).
    Removing usbd_core.o(.ARM.exidx.text.USBD_LL_SetSpeed), (8 bytes).
    Removing usbd_core.o(.ARM.exidx.text.USBD_LL_Suspend), (8 bytes).
    Removing usbd_core.o(.ARM.exidx.text.USBD_LL_Resume), (8 bytes).
    Removing usbd_core.o(.ARM.exidx.text.USBD_LL_SOF), (8 bytes).
    Removing usbd_core.o(.ARM.exidx.text.USBD_LL_IsoINIncomplete), (8 bytes).
    Removing usbd_core.o(.ARM.exidx.text.USBD_LL_IsoOUTIncomplete), (8 bytes).
    Removing usbd_core.o(.ARM.exidx.text.USBD_LL_DevConnected), (8 bytes).
    Removing usbd_core.o(.ARM.exidx.text.USBD_LL_DevDisconnected), (8 bytes).
    Removing usbd_core.o(.ARM.exidx.text.USBD_GetEpDesc), (8 bytes).
    Removing usbd_core.o(.ARM.exidx.text.USBD_GetNextDesc), (8 bytes).
    Removing usbd_ctlreq.o(.text), (0 bytes).
    Removing usbd_ctlreq.o(.ARM.exidx.text.USBD_StdDevReq), (8 bytes).
    Removing usbd_ctlreq.o(.ARM.exidx.text.USBD_GetDescriptor), (8 bytes).
    Removing usbd_ctlreq.o(.ARM.exidx.text.USBD_SetAddress), (8 bytes).
    Removing usbd_ctlreq.o(.ARM.exidx.text.USBD_SetConfig), (8 bytes).
    Removing usbd_ctlreq.o(.ARM.exidx.text.USBD_GetConfig), (8 bytes).
    Removing usbd_ctlreq.o(.ARM.exidx.text.USBD_GetStatus), (8 bytes).
    Removing usbd_ctlreq.o(.ARM.exidx.text.USBD_SetFeature), (8 bytes).
    Removing usbd_ctlreq.o(.ARM.exidx.text.USBD_ClrFeature), (8 bytes).
    Removing usbd_ctlreq.o(.ARM.exidx.text.USBD_CtlError), (8 bytes).
    Removing usbd_ctlreq.o(.ARM.exidx.text.USBD_StdItfReq), (8 bytes).
    Removing usbd_ctlreq.o(.ARM.exidx.text.USBD_StdEPReq), (8 bytes).
    Removing usbd_ctlreq.o(.ARM.exidx.text.USBD_ParseSetupRequest), (8 bytes).
    Removing usbd_ctlreq.o(.ARM.exidx.text.SWAPBYTE), (8 bytes).
    Removing usbd_ctlreq.o(.ARM.exidx.text.USBD_GetString), (8 bytes).
    Removing usbd_ctlreq.o(.ARM.exidx.text.USBD_GetLen), (8 bytes).
    Removing usbd_ioreq.o(.text), (0 bytes).
    Removing usbd_ioreq.o(.ARM.exidx.text.USBD_CtlSendData), (8 bytes).
    Removing usbd_ioreq.o(.ARM.exidx.text.USBD_CtlContinueSendData), (8 bytes).
    Removing usbd_ioreq.o(.ARM.exidx.text.USBD_CtlPrepareRx), (8 bytes).
    Removing usbd_ioreq.o(.ARM.exidx.text.USBD_CtlContinueRx), (8 bytes).
    Removing usbd_ioreq.o(.ARM.exidx.text.USBD_CtlSendStatus), (8 bytes).
    Removing usbd_ioreq.o(.ARM.exidx.text.USBD_CtlReceiveStatus), (8 bytes).
    Removing usbd_ioreq.o(.text.USBD_GetRxCount), (24 bytes).
    Removing usbd_ioreq.o(.ARM.exidx.text.USBD_GetRxCount), (8 bytes).
    Removing usbd_cdc.o(.text), (0 bytes).
    Removing usbd_cdc.o(.ARM.exidx.text.USBD_CDC_Init), (8 bytes).
    Removing usbd_cdc.o(.ARM.exidx.text.USBD_CDC_DeInit), (8 bytes).
    Removing usbd_cdc.o(.ARM.exidx.text.USBD_CDC_Setup), (8 bytes).
    Removing usbd_cdc.o(.ARM.exidx.text.USBD_CDC_EP0_RxReady), (8 bytes).
    Removing usbd_cdc.o(.ARM.exidx.text.USBD_CDC_DataIn), (8 bytes).
    Removing usbd_cdc.o(.ARM.exidx.text.USBD_CDC_DataOut), (8 bytes).
    Removing usbd_cdc.o(.ARM.exidx.text.USBD_CDC_GetHSCfgDesc), (8 bytes).
    Removing usbd_cdc.o(.ARM.exidx.text.USBD_CDC_GetFSCfgDesc), (8 bytes).
    Removing usbd_cdc.o(.ARM.exidx.text.USBD_CDC_GetOtherSpeedCfgDesc), (8 bytes).
    Removing usbd_cdc.o(.ARM.exidx.text.USBD_CDC_GetDeviceQualifierDescriptor), (8 bytes).
    Removing usbd_cdc.o(.ARM.exidx.text.USBD_CDC_RegisterInterface), (8 bytes).
    Removing usbd_cdc.o(.ARM.exidx.text.USBD_CDC_SetTxBuffer), (8 bytes).
    Removing usbd_cdc.o(.ARM.exidx.text.USBD_CDC_SetRxBuffer), (8 bytes).
    Removing usbd_cdc.o(.ARM.exidx.text.USBD_CDC_TransmitPacket), (8 bytes).
    Removing usbd_cdc.o(.ARM.exidx.text.USBD_CDC_ReceivePacket), (8 bytes).
    Removing bsp_can.o(.text), (0 bytes).
    Removing bsp_can.o(.ARM.exidx.text.Can_Register), (8 bytes).
    Removing bsp_can.o(.ARM.exidx.text.Can_Init), (8 bytes).
    Removing bsp_can.o(.ARM.exidx.text.Can_Register_Check), (8 bytes).
    Removing bsp_can.o(.ARM.exidx.text.CAN_Select_Handle), (8 bytes).
    Removing bsp_can.o(.ARM.exidx.text.Can_Register_To_x_Instance), (8 bytes).
    Removing bsp_can.o(.text.Can_Transmit_External_Tx_Buff), (208 bytes).
    Removing bsp_can.o(.ARM.exidx.text.Can_Transmit_External_Tx_Buff), (8 bytes).
    Removing bsp_can.o(.ARM.exidx.text.Can_Transmit), (8 bytes).
    Removing bsp_can.o(.ARM.exidx.text.HAL_CAN_RxFifo0MsgPendingCallback), (8 bytes).
    Removing bsp_can.o(.ARM.exidx.text.USER_CAN_RxFifo0MsgPendingCallback), (8 bytes).
    Removing bsp_can.o(.ARM.exidx.text.HAL_CAN_RxFifo1MsgPendingCallback), (8 bytes).
    Removing bsp_can.o(.ARM.exidx.text.Can_ID_Mask_Mode_Filter_Init), (8 bytes).
    Removing bsp_can.o(.ARM.exidx.text.Can_Service_Init), (8 bytes).
    Removing bsp_fdcan.o(.text), (0 bytes).
    Removing bsp_spi.o(.text), (0 bytes).
    Removing bsp_spi.o(.ARM.exidx.text.Spi_Register), (8 bytes).
    Removing bsp_spi.o(.ARM.exidx.text.Spi_Transmit), (8 bytes).
    Removing bsp_spi.o(.text.Spi_Recv), (162 bytes).
    Removing bsp_spi.o(.ARM.exidx.text.Spi_Recv), (8 bytes).
    Removing bsp_spi.o(.ARM.exidx.text.Spi_TransRecv), (8 bytes).
    Removing bsp_spi.o(.text.Spi_SetMode), (46 bytes).
    Removing bsp_spi.o(.ARM.exidx.text.Spi_SetMode), (8 bytes).
    Removing bsp_spi.o(.ARM.exidx.text.HAL_SPI_RxCpltCallback), (8 bytes).
    Removing bsp_spi.o(.ARM.exidx.text.HAL_SPI_TxRxCpltCallback), (8 bytes).
    Removing bsp_uart.o(.text), (0 bytes).
    Removing bsp_uart.o(.ARM.exidx.text.Uart_Register), (8 bytes).
    Removing bsp_uart.o(.text.Uart_Transmit), (284 bytes).
    Removing bsp_uart.o(.ARM.exidx.text.Uart_Transmit), (8 bytes).
    Removing bsp_uart.o(.text.Uart_Transmit_Len), (270 bytes).
    Removing bsp_uart.o(.ARM.exidx.text.Uart_Transmit_Len), (8 bytes).
    Removing bsp_uart.o(.text.Uart_Blocking_Receive), (72 bytes).
    Removing bsp_uart.o(.ARM.exidx.text.Uart_Blocking_Receive), (8 bytes).
    Removing bsp_uart.o(.ARM.exidx.text.HAL_UART_RxCpltCallback), (8 bytes).
    Removing bsp_uart.o(.ARM.exidx.text.Uart_RxCallback), (8 bytes).
    Removing bsp_uart.o(.ARM.exidx.text.HAL_UART_TxCpltCallback), (8 bytes).
    Removing bsp_uart.o(.ARM.exidx.text.Uart_TxCallback), (8 bytes).
    Removing bsp_uart.o(.ARM.exidx.text.HAL_UARTEx_RxEventCallback), (8 bytes).
    Removing bsp_uart.o(.ARM.exidx.text.Uart_RxIDLECallback), (8 bytes).
    Removing bsp_uart.o(.bss.Uart_RxCallback._uart_handle), (4 bytes).
    Removing segger_rtt.o(.text), (0 bytes).
    Removing segger_rtt.o(.text.SEGGER_RTT_ReadUpBufferNoLock), (314 bytes).
    Removing segger_rtt.o(.ARM.exidx.text.SEGGER_RTT_ReadUpBufferNoLock), (8 bytes).
    Removing segger_rtt.o(.ARM.exidx.text._DoInit), (8 bytes).
    Removing segger_rtt.o(.text.SEGGER_RTT_ReadNoLock), (314 bytes).
    Removing segger_rtt.o(.ARM.exidx.text.SEGGER_RTT_ReadNoLock), (8 bytes).
    Removing segger_rtt.o(.text.SEGGER_RTT_ReadUpBuffer), (48 bytes).
    Removing segger_rtt.o(.ARM.exidx.text.SEGGER_RTT_ReadUpBuffer), (8 bytes).
    Removing segger_rtt.o(.text.SEGGER_RTT_Read), (48 bytes).
    Removing segger_rtt.o(.ARM.exidx.text.SEGGER_RTT_Read), (8 bytes).
    Removing segger_rtt.o(.text.SEGGER_RTT_WriteWithOverwriteNoLock), (290 bytes).
    Removing segger_rtt.o(.ARM.exidx.text.SEGGER_RTT_WriteWithOverwriteNoLock), (8 bytes).
    Removing segger_rtt.o(.text.SEGGER_RTT_WriteDownBufferNoLock), (176 bytes).
    Removing segger_rtt.o(.ARM.exidx.text.SEGGER_RTT_WriteDownBufferNoLock), (8 bytes).
    Removing segger_rtt.o(.ARM.exidx.text._GetAvailWriteSpace), (8 bytes).
    Removing segger_rtt.o(.ARM.exidx.text._WriteNoCheck), (8 bytes).
    Removing segger_rtt.o(.ARM.exidx.text._WriteBlocking), (8 bytes).
    Removing segger_rtt.o(.ARM.exidx.text.SEGGER_RTT_WriteNoLock), (8 bytes).
    Removing segger_rtt.o(.text.SEGGER_RTT_WriteDownBuffer), (78 bytes).
    Removing segger_rtt.o(.ARM.exidx.text.SEGGER_RTT_WriteDownBuffer), (8 bytes).
    Removing segger_rtt.o(.ARM.exidx.text.SEGGER_RTT_Write), (8 bytes).
    Removing segger_rtt.o(.text.SEGGER_RTT_WriteString), (30 bytes).
    Removing segger_rtt.o(.ARM.exidx.text.SEGGER_RTT_WriteString), (8 bytes).
    Removing segger_rtt.o(.text.SEGGER_RTT_PutCharSkipNoLock), (114 bytes).
    Removing segger_rtt.o(.ARM.exidx.text.SEGGER_RTT_PutCharSkipNoLock), (8 bytes).
    Removing segger_rtt.o(.text.SEGGER_RTT_PutCharSkip), (166 bytes).
    Removing segger_rtt.o(.ARM.exidx.text.SEGGER_RTT_PutCharSkip), (8 bytes).
    Removing segger_rtt.o(.text.SEGGER_RTT_PutChar), (194 bytes).
    Removing segger_rtt.o(.ARM.exidx.text.SEGGER_RTT_PutChar), (8 bytes).
    Removing segger_rtt.o(.text.SEGGER_RTT_GetKey), (48 bytes).
    Removing segger_rtt.o(.ARM.exidx.text.SEGGER_RTT_GetKey), (8 bytes).
    Removing segger_rtt.o(.text.SEGGER_RTT_WaitKey), (28 bytes).
    Removing segger_rtt.o(.ARM.exidx.text.SEGGER_RTT_WaitKey), (8 bytes).
    Removing segger_rtt.o(.text.SEGGER_RTT_HasKey), (82 bytes).
    Removing segger_rtt.o(.ARM.exidx.text.SEGGER_RTT_HasKey), (8 bytes).
    Removing segger_rtt.o(.text.SEGGER_RTT_HasData), (44 bytes).
    Removing segger_rtt.o(.ARM.exidx.text.SEGGER_RTT_HasData), (8 bytes).
    Removing segger_rtt.o(.text.SEGGER_RTT_HasDataUp), (44 bytes).
    Removing segger_rtt.o(.ARM.exidx.text.SEGGER_RTT_HasDataUp), (8 bytes).
    Removing segger_rtt.o(.text.SEGGER_RTT_AllocDownBuffer), (244 bytes).
    Removing segger_rtt.o(.ARM.exidx.text.SEGGER_RTT_AllocDownBuffer), (8 bytes).
    Removing segger_rtt.o(.text.SEGGER_RTT_AllocUpBuffer), (244 bytes).
    Removing segger_rtt.o(.ARM.exidx.text.SEGGER_RTT_AllocUpBuffer), (8 bytes).
    Removing segger_rtt.o(.text.SEGGER_RTT_ConfigUpBuffer), (162 bytes).
    Removing segger_rtt.o(.ARM.exidx.text.SEGGER_RTT_ConfigUpBuffer), (8 bytes).
    Removing segger_rtt.o(.text.SEGGER_RTT_ConfigDownBuffer), (166 bytes).
    Removing segger_rtt.o(.ARM.exidx.text.SEGGER_RTT_ConfigDownBuffer), (8 bytes).
    Removing segger_rtt.o(.text.SEGGER_RTT_SetNameUpBuffer), (118 bytes).
    Removing segger_rtt.o(.ARM.exidx.text.SEGGER_RTT_SetNameUpBuffer), (8 bytes).
    Removing segger_rtt.o(.text.SEGGER_RTT_SetNameDownBuffer), (118 bytes).
    Removing segger_rtt.o(.ARM.exidx.text.SEGGER_RTT_SetNameDownBuffer), (8 bytes).
    Removing segger_rtt.o(.text.SEGGER_RTT_SetFlagsUpBuffer), (118 bytes).
    Removing segger_rtt.o(.ARM.exidx.text.SEGGER_RTT_SetFlagsUpBuffer), (8 bytes).
    Removing segger_rtt.o(.text.SEGGER_RTT_SetFlagsDownBuffer), (118 bytes).
    Removing segger_rtt.o(.ARM.exidx.text.SEGGER_RTT_SetFlagsDownBuffer), (8 bytes).
    Removing segger_rtt.o(.ARM.exidx.text.SEGGER_RTT_Init), (8 bytes).
    Removing segger_rtt.o(.text.SEGGER_RTT_SetTerminal), (220 bytes).
    Removing segger_rtt.o(.ARM.exidx.text.SEGGER_RTT_SetTerminal), (8 bytes).
    Removing segger_rtt.o(.text.SEGGER_RTT_TerminalOut), (348 bytes).
    Removing segger_rtt.o(.ARM.exidx.text.SEGGER_RTT_TerminalOut), (8 bytes).
    Removing segger_rtt.o(.text._PostTerminalSwitch), (50 bytes).
    Removing segger_rtt.o(.ARM.exidx.text._PostTerminalSwitch), (8 bytes).
    Removing segger_rtt.o(.text.SEGGER_RTT_GetAvailWriteSpace), (38 bytes).
    Removing segger_rtt.o(.ARM.exidx.text.SEGGER_RTT_GetAvailWriteSpace), (8 bytes).
    Removing segger_rtt.o(.text.SEGGER_RTT_GetBytesInBuffer), (98 bytes).
    Removing segger_rtt.o(.ARM.exidx.text.SEGGER_RTT_GetBytesInBuffer), (8 bytes).
    Removing segger_rtt.o(.rodata._aTerminalId), (16 bytes).
    Removing segger_rtt.o(.bss._ActiveTerminal), (1 bytes).
    Removing segger_rtt_printf.o(.text), (0 bytes).
    Removing segger_rtt_printf.o(.ARM.exidx.text.SEGGER_RTT_vprintf), (8 bytes).
    Removing segger_rtt_printf.o(.ARM.exidx.text._StoreChar), (8 bytes).
    Removing segger_rtt_printf.o(.ARM.exidx.text._PrintInt), (8 bytes).
    Removing segger_rtt_printf.o(.ARM.exidx.text._PrintUnsigned), (8 bytes).
    Removing segger_rtt_printf.o(.ARM.exidx.text.SEGGER_RTT_printf), (8 bytes).
    Removing bsp_log.o(.text), (0 bytes).
    Removing bsp_log.o(.ARM.exidx.text.Log_Init), (8 bytes).
    Removing bsp_iic.o(.text), (0 bytes).
    Removing bsp_iic.o(.text.IICRegister), (126 bytes).
    Removing bsp_iic.o(.ARM.exidx.text.IICRegister), (8 bytes).
    Removing bsp_iic.o(.text.IICSetMode), (36 bytes).
    Removing bsp_iic.o(.ARM.exidx.text.IICSetMode), (8 bytes).
    Removing bsp_iic.o(.text.IICTransmit), (244 bytes).
    Removing bsp_iic.o(.ARM.exidx.text.IICTransmit), (8 bytes).
    Removing bsp_iic.o(.text.IICReceive), (258 bytes).
    Removing bsp_iic.o(.ARM.exidx.text.IICReceive), (8 bytes).
    Removing bsp_iic.o(.text.IICAccessMem), (166 bytes).
    Removing bsp_iic.o(.ARM.exidx.text.IICAccessMem), (8 bytes).
    Removing bsp_iic.o(.text.HAL_I2C_MasterRxCpltCallback), (124 bytes).
    Removing bsp_iic.o(.ARM.exidx.text.HAL_I2C_MasterRxCpltCallback), (8 bytes).
    Removing bsp_iic.o(.text.HAL_I2C_MemRxCpltCallback), (16 bytes).
    Removing bsp_iic.o(.ARM.exidx.text.HAL_I2C_MemRxCpltCallback), (8 bytes).
    Removing bsp_iic.o(.bss.idx), (1 bytes).
    Removing bsp_iic.o(.bss.iic_instance), (8 bytes).
    Removing bsp_pwm.o(.text), (0 bytes).
    Removing bsp_pwm.o(.ARM.exidx.text.Pwm_Register), (8 bytes).
    Removing bsp_pwm.o(.ARM.exidx.text.Pwm_SelectTclk), (8 bytes).
    Removing bsp_pwm.o(.ARM.exidx.text.Pwm_SetPeriod), (8 bytes).
    Removing bsp_pwm.o(.ARM.exidx.text.Pwm_SetDutyRatio), (8 bytes).
    Removing bsp_pwm.o(.text.Pwm_Start), (46 bytes).
    Removing bsp_pwm.o(.ARM.exidx.text.Pwm_Start), (8 bytes).
    Removing bsp_pwm.o(.text.Pwm_Stop), (46 bytes).
    Removing bsp_pwm.o(.ARM.exidx.text.Pwm_Stop), (8 bytes).
    Removing bsp_pwm.o(.text.Pwm_StartDMA), (64 bytes).
    Removing bsp_pwm.o(.ARM.exidx.text.Pwm_StartDMA), (8 bytes).
    Removing bsp_pwm.o(.text.Pwm_Unregister), (218 bytes).
    Removing bsp_pwm.o(.ARM.exidx.text.Pwm_Unregister), (8 bytes).
    Removing bsp_dwt.o(.text), (0 bytes).
    Removing bsp_dwt.o(.ARM.exidx.text.DWT_Init), (8 bytes).
    Removing bsp_dwt.o(.ARM.exidx.text.Dwt_Cnt_Update), (8 bytes).
    Removing bsp_dwt.o(.ARM.exidx.text.Dwt_GetDeltaT), (8 bytes).
    Removing bsp_dwt.o(.text.Dwt_GetDeltaT64), (98 bytes).
    Removing bsp_dwt.o(.ARM.exidx.text.Dwt_GetDeltaT64), (8 bytes).
    Removing bsp_dwt.o(.ARM.exidx.text.Dwt_SysTimeUpdate), (8 bytes).
    Removing bsp_dwt.o(.ARM.exidx.text.Dwt_GetTimeline_s), (8 bytes).
    Removing bsp_dwt.o(.text.Dwt_GetTimeline_ms), (76 bytes).
    Removing bsp_dwt.o(.ARM.exidx.text.Dwt_GetTimeline_ms), (8 bytes).
    Removing bsp_dwt.o(.text.Dwt_GetTimeline_us), (54 bytes).
    Removing bsp_dwt.o(.ARM.exidx.text.Dwt_GetTimeline_us), (8 bytes).
    Removing bsp_dwt.o(.ARM.exidx.text.Dwt_Delay), (8 bytes).
    Removing bsp_gpio.o(.text), (0 bytes).
    Removing bsp_gpio.o(.ARM.exidx.text.HAL_GPIO_EXTI_Callback), (8 bytes).
    Removing bsp_gpio.o(.text.GPIORegister), (108 bytes).
    Removing bsp_gpio.o(.ARM.exidx.text.GPIORegister), (8 bytes).
    Removing bsp_gpio.o(.text.GPIOToggel), (20 bytes).
    Removing bsp_gpio.o(.ARM.exidx.text.GPIOToggel), (8 bytes).
    Removing bsp_gpio.o(.text.GPIOSet), (22 bytes).
    Removing bsp_gpio.o(.ARM.exidx.text.GPIOSet), (8 bytes).
    Removing bsp_gpio.o(.text.GPIOReset), (22 bytes).
    Removing bsp_gpio.o(.ARM.exidx.text.GPIOReset), (8 bytes).
    Removing bsp_gpio.o(.text.GPIORead), (20 bytes).
    Removing bsp_gpio.o(.ARM.exidx.text.GPIORead), (8 bytes).
    Removing dev_dr16.o(.text), (0 bytes).
    Removing dev_dr16.o(.ARM.exidx.text.Dr16_Register), (8 bytes).
    Removing dev_dr16.o(.ARM.exidx.text.Dr16_Receive), (8 bytes).
    Removing com_system.o(.text), (0 bytes).
    Removing com_system.o(.ARM.exidx.text.Create_Publisher), (8 bytes).
    Removing com_system.o(.ARM.exidx.text.CheckName), (8 bytes).
    Removing com_system.o(.ARM.exidx.text.CheckLen), (8 bytes).
    Removing com_system.o(.ARM.exidx.text.Create_Subscriber_2), (8 bytes).
    Removing com_system.o(.text.Create_Subscriber_3), (152 bytes).
    Removing com_system.o(.ARM.exidx.text.Create_Subscriber_3), (8 bytes).
    Removing com_system.o(.text.Create_Subscriber_4), (158 bytes).
    Removing com_system.o(.ARM.exidx.text.Create_Subscriber_4), (8 bytes).
    Removing com_system.o(.ARM.exidx.text.Get_Message), (8 bytes).
    Removing com_system.o(.ARM.exidx.text.Publish_Message), (8 bytes).
    Removing com_system.o(.bss.cir666), (4 bytes).
    Removing queue_1.o(.text), (0 bytes).
    Removing queue_1.o(.ARM.exidx.text.Create_Circular_Queue), (8 bytes).
    Removing queue_1.o(.text.Destroy_Circular_Queue), (42 bytes).
    Removing queue_1.o(.ARM.exidx.text.Destroy_Circular_Queue), (8 bytes).
    Removing queue_1.o(.ARM.exidx.text.Enqueue), (8 bytes).
    Removing queue_1.o(.ARM.exidx.text.Is_Queue_Full), (8 bytes).
    Removing queue_1.o(.ARM.exidx.text.Dequeue), (8 bytes).
    Removing queue_1.o(.ARM.exidx.text.Is_Queue_Empty), (8 bytes).
    Removing queue_1.o(.text.Get_Queue_Size), (36 bytes).
    Removing queue_1.o(.ARM.exidx.text.Get_Queue_Size), (8 bytes).
    Removing queue_1.o(.text.Clear_Queue), (30 bytes).
    Removing queue_1.o(.ARM.exidx.text.Clear_Queue), (8 bytes).
    Removing dev_motor_dm.o(.text), (0 bytes).
    Removing dev_motor_dm.o(.ARM.exidx.text.Motor_DM_Register), (8 bytes).
    Removing dev_motor_dm.o(.ARM.exidx.text.Motor_Dm_Decode), (8 bytes).
    Removing dev_motor_dm.o(.ARM.exidx.text.Motor_Dm_Cmd), (8 bytes).
    Removing dev_motor_dm.o(.ARM.exidx.text.Motor_Dm_Mit_Control), (8 bytes).
    Removing dev_motor_dm.o(.ARM.exidx.text.float_to_uint), (8 bytes).
    Removing dev_motor_dm.o(.text.Motor_Dm_Control), (188 bytes).
    Removing dev_motor_dm.o(.ARM.exidx.text.Motor_Dm_Control), (8 bytes).
    Removing dev_motor_dm.o(.text.Motor_Dm_Pos_Vel_Control), (166 bytes).
    Removing dev_motor_dm.o(.ARM.exidx.text.Motor_Dm_Pos_Vel_Control), (8 bytes).
    Removing dev_motor_dm.o(.ARM.exidx.text.Motor_Dm_Transmit), (8 bytes).
    Removing dev_motor_dm.o(.ARM.exidx.text.uint_to_float), (8 bytes).
    Removing dev_motor_dm.o(.ARM.exidx.text.Angle_Normalize), (8 bytes).
    Removing dev_motor_dji.o(.text), (0 bytes).
    Removing dev_motor_dji.o(.ARM.exidx.text.Motor_Dji_Register), (8 bytes).
    Removing dev_motor_dji.o(.ARM.exidx.text.Motor_Dji_Decode), (8 bytes).
    Removing dev_motor_dji.o(.ARM.exidx.text.Motor_Dji_Control), (8 bytes).
    Removing dev_motor_dji.o(.text.Motor_Dji_SetCurrent), (196 bytes).
    Removing dev_motor_dji.o(.ARM.exidx.text.Motor_Dji_SetCurrent), (8 bytes).
    Removing dev_motor_dji.o(.text.Motor_Dji_Protect), (160 bytes).
    Removing dev_motor_dji.o(.ARM.exidx.text.Motor_Dji_Protect), (8 bytes).
    Removing dev_motor_dji.o(.ARM.exidx.text.Motor_Dji_Transmit), (8 bytes).
    Removing dev_motor_dji.o(.ARM.exidx.text.Motor_Dji_Grouping), (8 bytes).
    Removing dev_motor_dji.o(.text.Motor_Dji_Change_Mode), (46 bytes).
    Removing dev_motor_dji.o(.ARM.exidx.text.Motor_Dji_Change_Mode), (8 bytes).
    Removing dev_bmi088.o(.text), (0 bytes).
    Removing dev_bmi088.o(.ARM.exidx.text.BMI088_AccelRead), (8 bytes).
    Removing dev_bmi088.o(.ARM.exidx.text.BMI088_GyroRead), (8 bytes).
    Removing dev_bmi088.o(.ARM.exidx.text.BMI088_CheckWhoAmI), (8 bytes).
    Removing dev_bmi088.o(.ARM.exidx.text.BMI088_ReadAccelData), (8 bytes).
    Removing dev_bmi088.o(.ARM.exidx.text.BMI088_ReadGyroData), (8 bytes).
    Removing dev_bmi088.o(.ARM.exidx.text.BMI088_CalibrateOffset), (8 bytes).
    Removing dev_bmi088.o(.ARM.exidx.text.BMI088_ReadTemperature), (8 bytes).
    Removing dev_bmi088.o(.ARM.exidx.text.BMI088_Read), (8 bytes).
    Removing dev_bmi088.o(.text.BMI088_GetCalibrationStatus), (38 bytes).
    Removing dev_bmi088.o(.ARM.exidx.text.BMI088_GetCalibrationStatus), (8 bytes).
    Removing dev_bmi088.o(.text.BMI088_CheckAccelError), (138 bytes).
    Removing dev_bmi088.o(.ARM.exidx.text.BMI088_CheckAccelError), (8 bytes).
    Removing dev_bmi088.o(.ARM.exidx.text.Bmi088_Callback), (8 bytes).
    Removing dev_bmi088.o(.ARM.exidx.text.Bmi088_Init), (8 bytes).
    Removing dev_bmi088.o(.ARM.exidx.text.BMI088_AccelWrite), (8 bytes).
    Removing dev_bmi088.o(.ARM.exidx.text.BMI088_GyroWrite), (8 bytes).
    Removing dev_bmi088.o(.ARM.exidx.text.Bmi088_Register), (8 bytes).
    Removing dev_ist_8310.o(.text), (0 bytes).
    Removing dev_ist_8310.o(.text.delay_us), (40 bytes).
    Removing dev_ist_8310.o(.ARM.exidx.text.delay_us), (8 bytes).
    Removing dev_ist_8310.o(.text.delay_ms), (32 bytes).
    Removing dev_ist_8310.o(.ARM.exidx.text.delay_ms), (8 bytes).
    Removing dev_ist_8310.o(.text.Ist8310Init), (384 bytes).
    Removing dev_ist_8310.o(.ARM.exidx.text.Ist8310Init), (8 bytes).
    Removing dev_ist_8310.o(.text.IST8310Decode), (100 bytes).
    Removing dev_ist_8310.o(.ARM.exidx.text.IST8310Decode), (8 bytes).
    Removing dev_ist_8310.o(.text.IST8310StartTransfer), (46 bytes).
    Removing dev_ist_8310.o(.ARM.exidx.text.IST8310StartTransfer), (8 bytes).
    Removing dev_ist_8310.o(.text.IstRead_mem), (100 bytes).
    Removing dev_ist_8310.o(.ARM.exidx.text.IstRead_mem), (8 bytes).
    Removing dev_ist_8310.o(.data.ist8310_write_reg_data_error), (12 bytes).
    Removing dev_ist_8310.o(.rodata.str1.1), (30 bytes).
    Removing dev_ist_8310.o(.bss.ISTConfig), (48 bytes).
    Removing dev_minipc.o(.text), (0 bytes).
    Removing dev_minipc.o(.ARM.exidx.text.Minipc_Register), (8 bytes).
    Removing dev_minipc.o(.ARM.exidx.text.USB_Data_Received_Callback), (8 bytes).
    Removing dev_minipc.o(.ARM.exidx.text.Computer_Read_Data), (8 bytes).
    Removing dev_minipc.o(.ARM.exidx.text.Data_Processing), (8 bytes).
    Removing dev_minipc.o(.ARM.exidx.text.USB_SetDataReadyFlags), (8 bytes).
    Removing dev_minipc.o(.text.Computer_Tx), (116 bytes).
    Removing dev_minipc.o(.ARM.exidx.text.Computer_Tx), (8 bytes).
    Removing dev_minipc.o(.ARM.exidx.text.Minipc_ConfigAimTx), (8 bytes).
    Removing dev_minipc.o(.text.Minipc_ConfigExpAimTx), (108 bytes).
    Removing dev_minipc.o(.ARM.exidx.text.Minipc_ConfigExpAimTx), (8 bytes).
    Removing dev_minipc.o(.text.Minipc_ConfigFriendPos1Tx), (96 bytes).
    Removing dev_minipc.o(.ARM.exidx.text.Minipc_ConfigFriendPos1Tx), (8 bytes).
    Removing dev_minipc.o(.text.Minipc_ConfigRedHPTx), (96 bytes).
    Removing dev_minipc.o(.ARM.exidx.text.Minipc_ConfigRedHPTx), (8 bytes).
    Removing dev_minipc.o(.text.Minipc_ConfigBlueHPTx), (96 bytes).
    Removing dev_minipc.o(.ARM.exidx.text.Minipc_ConfigBlueHPTx), (8 bytes).
    Removing dev_minipc.o(.text.Minipc_ConfigBuildingHPTx), (50 bytes).
    Removing dev_minipc.o(.ARM.exidx.text.Minipc_ConfigBuildingHPTx), (8 bytes).
    Removing dev_minipc.o(.text.Minipc_ConfigGameInfoTx), (72 bytes).
    Removing dev_minipc.o(.ARM.exidx.text.Minipc_ConfigGameInfoTx), (8 bytes).
    Removing dev_minipc.o(.text.Minipc_ConfigSentryStatusTx), (50 bytes).
    Removing dev_minipc.o(.ARM.exidx.text.Minipc_ConfigSentryStatusTx), (8 bytes).
    Removing dev_minipc.o(.ARM.exidx.text.Minipc_UpdateInstanceData), (8 bytes).
    Removing dev_minipc.o(.ARM.exidx.text.Minipc_UpdateAllInstances), (8 bytes).
    Removing dev_referee.o(.text), (0 bytes).
    Removing dev_referee.o(.ARM.exidx.text.Referee_Uart_Handle_One_Byte), (8 bytes).
    Removing dev_referee.o(.ARM.exidx.text.Referee_Decode_unpack_data), (8 bytes).
    Removing dev_referee.o(.ARM.exidx.text.Referee_Register), (8 bytes).
    Removing dev_referee.o(.ARM.exidx.text.Referee_Uart_Callback), (8 bytes).
    Removing dev_referee.o(.ARM.exidx.text.Referee_Uart_DMA_Callback), (8 bytes).
    Removing dev_referee.o(.ARM.exidx.text.Referee_Data_Init), (8 bytes).
    Removing dev_referee.o(.text.Referee_Send_Msg), (224 bytes).
    Removing dev_referee.o(.ARM.exidx.text.Referee_Send_Msg), (8 bytes).
    Removing dev_referee.o(.text.Referee_Get_Data_Status), (18 bytes).
    Removing dev_referee.o(.ARM.exidx.text.Referee_Get_Data_Status), (8 bytes).
    Removing dev_referee.o(.ARM.exidx.text.Referee_Get_Color), (8 bytes).
    Removing dev_referee.o(.text.Referee_Get_Robot_ID), (24 bytes).
    Removing dev_referee.o(.ARM.exidx.text.Referee_Get_Robot_ID), (8 bytes).
    Removing dev_referee.o(.text.Referee_Get_Client_ID), (68 bytes).
    Removing dev_referee.o(.ARM.exidx.text.Referee_Get_Client_ID), (8 bytes).
    Removing dev_referee.o(.text.Referee_Get_Game_Status), (16 bytes).
    Removing dev_referee.o(.ARM.exidx.text.Referee_Get_Game_Status), (8 bytes).
    Removing dev_referee.o(.text.Referee_Get_Power_Limit), (14 bytes).
    Removing dev_referee.o(.ARM.exidx.text.Referee_Get_Power_Limit), (8 bytes).
    Removing dev_referee.o(.text.Referee_Get_Remain_Energy), (14 bytes).
    Removing dev_referee.o(.ARM.exidx.text.Referee_Get_Remain_Energy), (8 bytes).
    Removing dev_referee.o(.text.Referee_Get_Buffer_Energy), (14 bytes).
    Removing dev_referee.o(.ARM.exidx.text.Referee_Get_Buffer_Energy), (8 bytes).
    Removing dev_referee.o(.text.Referee_Get_Robot_Level), (14 bytes).
    Removing dev_referee.o(.ARM.exidx.text.Referee_Get_Robot_Level), (8 bytes).
    Removing dev_referee.o(.text.Referee_Get_Shooter_Heat_42), (14 bytes).
    Removing dev_referee.o(.ARM.exidx.text.Referee_Get_Shooter_Heat_42), (8 bytes).
    Removing dev_referee.o(.text.Referee_Get_Shooter_Heat_17), (14 bytes).
    Removing dev_referee.o(.ARM.exidx.text.Referee_Get_Shooter_Heat_17), (8 bytes).
    Removing dev_referee.o(.text.Referee_Get_Heat_Limit), (14 bytes).
    Removing dev_referee.o(.ARM.exidx.text.Referee_Get_Heat_Limit), (8 bytes).
    Removing dev_referee.o(.text.Referee_Get_Shooter_Speed), (18 bytes).
    Removing dev_referee.o(.ARM.exidx.text.Referee_Get_Shooter_Speed), (8 bytes).
    Removing dev_referee.o(.text.Referee_Get_Shooter_Cold), (14 bytes).
    Removing dev_referee.o(.ARM.exidx.text.Referee_Get_Shooter_Cold), (8 bytes).
    Removing dev_referee.o(.text.Referee_Send_Custom_Msg_To_Robot), (130 bytes).
    Removing dev_referee.o(.ARM.exidx.text.Referee_Send_Custom_Msg_To_Robot), (8 bytes).
    Removing dev_referee.o(.text.Referee_Send_Robot_Msg_To_Controller), (130 bytes).
    Removing dev_referee.o(.ARM.exidx.text.Referee_Send_Robot_Msg_To_Controller), (8 bytes).
    Removing dev_referee.o(.text.Referee_Send_Robot_Msg_To_Custom_Client), (130 bytes).
    Removing dev_referee.o(.ARM.exidx.text.Referee_Send_Robot_Msg_To_Custom_Client), (8 bytes).
    Removing dev_referee.o(.text.RefereeCircularBuffer_Init), (28 bytes).
    Removing dev_referee.o(.ARM.exidx.text.RefereeCircularBuffer_Init), (8 bytes).
    Removing dev_referee.o(.text.RefereeCircularBuffer_Put), (132 bytes).
    Removing dev_referee.o(.ARM.exidx.text.RefereeCircularBuffer_Put), (8 bytes).
    Removing dev_referee.o(.text.RefereeCircularBuffer_Get), (120 bytes).
    Removing dev_referee.o(.ARM.exidx.text.RefereeCircularBuffer_Get), (8 bytes).
    Removing dev_referee.o(.text.RefereeCircularBuffer_IsEmpty), (20 bytes).
    Removing dev_referee.o(.ARM.exidx.text.RefereeCircularBuffer_IsEmpty), (8 bytes).
    Removing dev_referee.o(.text.RefereeCircularBuffer_Available), (14 bytes).
    Removing dev_referee.o(.ARM.exidx.text.RefereeCircularBuffer_Available), (8 bytes).
    Removing dev_referee.o(.bss.referee_tx_buffer), (137 bytes).
    Removing dev_referee.o(.bss.Referee_Send_Custom_Msg_To_Robot.custom_robot_msg_cnt), (4 bytes).
    Removing dev_referee.o(.bss.Referee_Send_Robot_Msg_To_Controller.robot_custom_msg_cnt), (4 bytes).
    Removing dev_referee.o(.bss.Referee_Send_Robot_Msg_To_Custom_Client.robot_custom_client_msg_cnt), (4 bytes).
    Removing dev_daemon.o(.text), (0 bytes).
    Removing dev_daemon.o(.ARM.exidx.text.Daemon_Register), (8 bytes).
    Removing dev_daemon.o(.ARM.exidx.text.Daemon_Start), (8 bytes).
    Removing dev_daemon.o(.ARM.exidx.text.Daemon_Feed), (8 bytes).
    Removing dev_daemon.o(.ARM.exidx.text.Daemon_Reload), (8 bytes).
    Removing dev_daemon.o(.text.Daemon_Step), (276 bytes).
    Removing dev_daemon.o(.ARM.exidx.text.Daemon_Step), (8 bytes).
    Removing app_chassis_task.o(.text), (0 bytes).
    Removing app_chassis_task.o(.ARM.exidx.text.StartChassisTask), (8 bytes).
    Removing app_chassis_task.o(.ARM.exidx.text.Trigger_Control), (8 bytes).
    Removing app_chassis_task.o(.ARM.exidx.text.Chassis_Enable), (8 bytes).
    Removing app_chassis_task.o(.ARM.exidx.text.Chassis_Disable), (8 bytes).
    Removing app_command_task.o(.text), (0 bytes).
    Removing app_command_task.o(.ARM.exidx.text.Mode_Change), (8 bytes).
    Removing app_command_task.o(.ARM.exidx.text.StartCommandTask), (8 bytes).
    Removing app_command_task.o(.bss.minipc_instance), (4 bytes).
    Removing app_command_task.o(.bss.minipc_blue_hp_instance), (4 bytes).
    Removing app_command_task.o(.bss.minipc_sentry_status_instance), (4 bytes).
    Removing app_ins_task.o(.text), (0 bytes).
    Removing app_ins_task.o(.ARM.exidx.text.isttask), (8 bytes).
    Removing app_ins_task.o(.ARM.exidx.text.Quater_Init), (8 bytes).
    Removing app_ins_task.o(.ARM.exidx.text.FusionQuaternionToEulerRad), (8 bytes).
    Removing app_ins_task.o(.ARM.exidx.text.FusionAsin), (8 bytes).
    Removing app_ins_task.o(.bss.test_data), (5 bytes).
    Removing app_ins_task.o(.bss.test), (4 bytes).
    Removing app_ins_task.o(.rodata.cst16), (32 bytes).
    Removing app_ins_task.o(.bss.isttask.lasttime), (4 bytes).
    Removing app_ins_task.o(.bss.ins_pid), (4 bytes).
    Removing app_ins_task.o(.bss.Acc_Filtered), (12 bytes).
    Removing app_ins_task.o(.bss.Gyro_Filtered), (12 bytes).
    Removing dev_board_communicate.o(.text), (0 bytes).
    Removing dev_board_communicate.o(.ARM.exidx.text.board_init), (8 bytes).
    Removing dev_board_communicate.o(.ARM.exidx.text.Board_Message_Decode), (8 bytes).
    Removing dev_board_communicate.o(.ARM.exidx.text.board_send_message), (8 bytes).
    Removing dev_board_communicate.o(.ARM.exidx.text.float2half), (8 bytes).
    Removing dev_board_communicate.o(.ARM.exidx.text.half2float), (8 bytes).
    Removing dev_gimbalfollow.o(.text), (0 bytes).
    Removing dev_gimbalfollow.o(.text.GimbalFollow_Unregister), (44 bytes).
    Removing dev_gimbalfollow.o(.ARM.exidx.text.GimbalFollow_Unregister), (8 bytes).
    Removing dev_gimbalfollow.o(.ARM.exidx.text.GimbalFollow_Register), (8 bytes).
    Removing dev_gimbalfollow.o(.ARM.exidx.text.Follow_Calculate), (8 bytes).
    Removing alg_pid.o(.text), (0 bytes).
    Removing alg_pid.o(.ARM.exidx.text.Pid_Register), (8 bytes).
    Removing alg_pid.o(.ARM.exidx.text.Pid_Calculate), (8 bytes).
    Removing alg_pid.o(.ARM.exidx.text.Pid_Protect), (8 bytes).
    Removing alg_pid.o(.ARM.exidx.text.Pid_Limit), (8 bytes).
    Removing alg_pid.o(.ARM.exidx.text.Pid_Disable), (8 bytes).
    Removing alg_pid.o(.ARM.exidx.text.Pid_Enable), (8 bytes).
    Removing alg_chassis_calc.o(.text), (0 bytes).
    Removing alg_chassis_calc.o(.ARM.exidx.text.Chassis_Register), (8 bytes).
    Removing alg_chassis_calc.o(.ARM.exidx.text.Chassis_judgment), (8 bytes).
    Removing alg_chassis_calc.o(.ARM.exidx.text.Chassis_Control), (8 bytes).
    Removing alg_chassis_calc.o(.ARM.exidx.text.Find_Angle), (8 bytes).
    Removing alg_chassis_calc.o(.ARM.exidx.text.Chassis_IK_Calc), (8 bytes).
    Removing alg_chassis_calc.o(.ARM.exidx.text.Chassis_Change_Mode), (8 bytes).
    Removing alg_kalman.o(.text), (0 bytes).
    Removing alg_quaternionekf.o(.text), (0 bytes).
    Removing alg_quaternionekf.o(.text.IMU_QuaternionEKF_Init), (334 bytes).
    Removing alg_quaternionekf.o(.ARM.exidx.text.IMU_QuaternionEKF_Init), (8 bytes).
    Removing alg_quaternionekf.o(.text.IMU_QuaternionEKF_Observe), (72 bytes).
    Removing alg_quaternionekf.o(.ARM.exidx.text.IMU_QuaternionEKF_Observe), (8 bytes).
    Removing alg_quaternionekf.o(.text.IMU_QuaternionEKF_F_Linearization_P_Fading), (620 bytes).
    Removing alg_quaternionekf.o(.ARM.exidx.text.IMU_QuaternionEKF_F_Linearization_P_Fading), (8 bytes).
    Removing alg_quaternionekf.o(.text.IMU_QuaternionEKF_SetH), (354 bytes).
    Removing alg_quaternionekf.o(.ARM.exidx.text.IMU_QuaternionEKF_SetH), (8 bytes).
    Removing alg_quaternionekf.o(.text.IMU_QuaternionEKF_xhatUpdate), (1652 bytes).
    Removing alg_quaternionekf.o(.ARM.exidx.text.IMU_QuaternionEKF_xhatUpdate), (8 bytes).
    Removing alg_quaternionekf.o(.text.IMU_QuaternionEKF_Update), (1572 bytes).
    Removing alg_quaternionekf.o(.ARM.exidx.text.IMU_QuaternionEKF_Update), (8 bytes).
    Removing alg_quaternionekf.o(.text.invSqrt), (90 bytes).
    Removing alg_quaternionekf.o(.ARM.exidx.text.invSqrt), (8 bytes).
    Removing alg_quaternionekf.o(.rodata.IMU_QuaternionEKF_F), (144 bytes).
    Removing alg_quaternionekf.o(.data.IMU_QuaternionEKF_P), (144 bytes).
    Removing alg_quaternionekf.o(.bss.QEKF_INS), (480 bytes).
    Removing alg_quaternionekf.o(.bss.IMU_QuaternionEKF_Update.halfgxdt), (4 bytes).
    Removing alg_quaternionekf.o(.bss.IMU_QuaternionEKF_Update.halfgydt), (4 bytes).
    Removing alg_quaternionekf.o(.bss.IMU_QuaternionEKF_Update.halfgzdt), (4 bytes).
    Removing alg_quaternionekf.o(.bss.IMU_QuaternionEKF_Update.accelInvNorm), (4 bytes).
    Removing alg_quaternionekf.o(.bss.IMU_QuaternionEKF_K), (72 bytes).
    Removing alg_quaternionekf.o(.bss.IMU_QuaternionEKF_H), (72 bytes).
    Removing alg_quaternionekf.o(.bss.IMU_QuaternionEKF_F_Linearization_P_Fading.q0), (4 bytes).
    Removing alg_quaternionekf.o(.bss.IMU_QuaternionEKF_F_Linearization_P_Fading.q1), (4 bytes).
    Removing alg_quaternionekf.o(.bss.IMU_QuaternionEKF_F_Linearization_P_Fading.q2), (4 bytes).
    Removing alg_quaternionekf.o(.bss.IMU_QuaternionEKF_F_Linearization_P_Fading.q3), (4 bytes).
    Removing alg_quaternionekf.o(.bss.IMU_QuaternionEKF_F_Linearization_P_Fading.qInvNorm), (4 bytes).
    Removing alg_quaternionekf.o(.bss.IMU_QuaternionEKF_SetH.doubleq0), (4 bytes).
    Removing alg_quaternionekf.o(.bss.IMU_QuaternionEKF_SetH.doubleq1), (4 bytes).
    Removing alg_quaternionekf.o(.bss.IMU_QuaternionEKF_SetH.doubleq2), (4 bytes).
    Removing alg_quaternionekf.o(.bss.IMU_QuaternionEKF_SetH.doubleq3), (4 bytes).
    Removing alg_quaternionekf.o(.bss.IMU_QuaternionEKF_xhatUpdate.q0), (4 bytes).
    Removing alg_quaternionekf.o(.bss.IMU_QuaternionEKF_xhatUpdate.q1), (4 bytes).
    Removing alg_quaternionekf.o(.bss.IMU_QuaternionEKF_xhatUpdate.q2), (4 bytes).
    Removing alg_quaternionekf.o(.bss.IMU_QuaternionEKF_xhatUpdate.q3), (4 bytes).
    Removing alg_fliter.o(.text), (0 bytes).
    Removing alg_fliter.o(.text.fhan), (476 bytes).
    Removing alg_fliter.o(.ARM.exidx.text.fhan), (8 bytes).
    Removing alg_fliter.o(.text.fhan_correct), (332 bytes).
    Removing alg_fliter.o(.ARM.exidx.text.fhan_correct), (8 bytes).
    Removing alg_fliter.o(.text.Move_aver_fliter), (244 bytes).
    Removing alg_fliter.o(.ARM.exidx.text.Move_aver_fliter), (8 bytes).
    Removing alg_fliter.o(.text.Lowpass_fliter), (324 bytes).
    Removing alg_fliter.o(.ARM.exidx.text.Lowpass_fliter), (8 bytes).
    Removing alg_fliter.o(.ARM.exidx.text.MovingAvgFilter_Register), (8 bytes).
    Removing alg_fliter.o(.text.LowpassFilter_Register), (232 bytes).
    Removing alg_fliter.o(.ARM.exidx.text.LowpassFilter_Register), (8 bytes).
    Removing alg_fliter.o(.ARM.exidx.text.MovingAvgFilter_Process), (8 bytes).
    Removing alg_fliter.o(.text.LowpassFilter_Process), (106 bytes).
    Removing alg_fliter.o(.ARM.exidx.text.LowpassFilter_Process), (8 bytes).
    Removing alg_fliter.o(.text.ButterworthFilter_Register), (312 bytes).
    Removing alg_fliter.o(.ARM.exidx.text.ButterworthFilter_Register), (8 bytes).
    Removing alg_fliter.o(.ARM.exidx.text.NotchFilter_Register), (8 bytes).
    Removing alg_fliter.o(.text.ButterworthFilter_Process), (222 bytes).
    Removing alg_fliter.o(.ARM.exidx.text.ButterworthFilter_Process), (8 bytes).
    Removing alg_fliter.o(.ARM.exidx.text.NotchFilter_Process), (8 bytes).
    Removing alg_fliter.o(.text.MovingAvgFilter_Free), (24 bytes).
    Removing alg_fliter.o(.ARM.exidx.text.MovingAvgFilter_Free), (8 bytes).
    Removing alg_fliter.o(.text.LowpassFilter_Free), (24 bytes).
    Removing alg_fliter.o(.ARM.exidx.text.LowpassFilter_Free), (8 bytes).
    Removing alg_fliter.o(.text.ButterworthFilter_Free), (24 bytes).
    Removing alg_fliter.o(.ARM.exidx.text.ButterworthFilter_Free), (8 bytes).
    Removing alg_fliter.o(.text.NotchFilter_Free), (24 bytes).
    Removing alg_fliter.o(.ARM.exidx.text.NotchFilter_Free), (8 bytes).
    Removing alg_fliter.o(.text.invSqrt), (90 bytes).
    Removing alg_fliter.o(.ARM.exidx.text.invSqrt), (8 bytes).
    Removing alg_fliter.o(.text.sgn), (38 bytes).
    Removing alg_fliter.o(.ARM.exidx.text.sgn), (8 bytes).
    Removing alg_fliter.o(.text.fsgn), (58 bytes).
    Removing alg_fliter.o(.ARM.exidx.text.fsgn), (8 bytes).
    Removing alg_fliter.o(.text.sgn_like), (136 bytes).
    Removing alg_fliter.o(.ARM.exidx.text.sgn_like), (8 bytes).
    Removing alg_fliter.o(.bss.d), (4 bytes).
    Removing alg_fliter.o(.bss.a0), (4 bytes).
    Removing alg_fliter.o(.bss.y), (4 bytes).
    Removing alg_fliter.o(.bss.a1), (4 bytes).
    Removing alg_fliter.o(.bss.a2), (4 bytes).
    Removing alg_fliter.o(.bss.a), (4 bytes).
    Removing alg_fliter.o(.bss.Move_aver_fliter.buffer), (32 bytes).
    Removing alg_fliter.o(.bss.Move_aver_fliter.index), (4 bytes).
    Removing alg_fliter.o(.bss.Move_aver_fliter.count), (4 bytes).
    Removing alg_fliter.o(.bss.Move_aver_fliter.running_sum), (4 bytes).
    Removing alg_fliter.o(.bss.Lowpass_fliter.prev_output), (4 bytes).
    Removing alg_fliter.o(.bss.Lowpass_fliter.initialized), (1 bytes).
    Removing kalman_filter.o(.text), (0 bytes).
    Removing kalman_filter.o(.text.Kalman_Filter_Init), (1522 bytes).
    Removing kalman_filter.o(.ARM.exidx.text.Kalman_Filter_Init), (8 bytes).
    Removing kalman_filter.o(.text.Kalman_Filter_Measure), (98 bytes).
    Removing kalman_filter.o(.ARM.exidx.text.Kalman_Filter_Measure), (8 bytes).
    Removing kalman_filter.o(.text.H_K_R_Adjustment), (398 bytes).
    Removing kalman_filter.o(.ARM.exidx.text.H_K_R_Adjustment), (8 bytes).
    Removing kalman_filter.o(.text.Kalman_Filter_xhatMinusUpdate), (162 bytes).
    Removing kalman_filter.o(.ARM.exidx.text.Kalman_Filter_xhatMinusUpdate), (8 bytes).
    Removing kalman_filter.o(.text.Kalman_Filter_PminusUpdate), (126 bytes).
    Removing kalman_filter.o(.ARM.exidx.text.Kalman_Filter_PminusUpdate), (8 bytes).
    Removing kalman_filter.o(.text.Kalman_Filter_SetK), (250 bytes).
    Removing kalman_filter.o(.ARM.exidx.text.Kalman_Filter_SetK), (8 bytes).
    Removing kalman_filter.o(.text.Kalman_Filter_xhatUpdate), (172 bytes).
    Removing kalman_filter.o(.ARM.exidx.text.Kalman_Filter_xhatUpdate), (8 bytes).
    Removing kalman_filter.o(.text.Kalman_Filter_P_Update), (128 bytes).
    Removing kalman_filter.o(.ARM.exidx.text.Kalman_Filter_P_Update), (8 bytes).
    Removing kalman_filter.o(.text.Kalman_Filter_Update), (400 bytes).
    Removing kalman_filter.o(.ARM.exidx.text.Kalman_Filter_Update), (8 bytes).
    Removing kalman_filter.o(.bss.sizeof_float), (2 bytes).
    Removing kalman_filter.o(.bss.sizeof_double), (2 bytes).
    Removing madgwickahrs.o(.text), (0 bytes).
    Removing madgwickahrs.o(.ARM.exidx.text.MadgwickAHRS_init), (8 bytes).
    Removing madgwickahrs.o(.ARM.exidx.text.MadgwickAHRS_clear), (8 bytes).
    Removing madgwickahrs.o(.text.MadgwickAHRS_update), (1858 bytes).
    Removing madgwickahrs.o(.ARM.exidx.text.MadgwickAHRS_update), (8 bytes).
    Removing fusion_ahrs.o(.text), (0 bytes).
    Removing fusion_ahrs.o(.ARM.exidx.text.FusionAhrsInitialise), (8 bytes).
    Removing fusion_ahrs.o(.ARM.exidx.text.FusionAhrsSetSettings), (8 bytes).
    Removing fusion_ahrs.o(.ARM.exidx.text.FusionAhrsReset), (8 bytes).
    Removing fusion_ahrs.o(.ARM.exidx.text._ZL22FusionDegreesToRadiansf), (8 bytes).
    Removing fusion_ahrs.o(.ARM.exidx.text.FusionAhrsUpdateNoMagnetometer), (8 bytes).
    Removing fusion_ahrs.o(.ARM.exidx.text.FusionAhrsUpdate), (8 bytes).
    Removing fusion_ahrs.o(.ARM.exidx.text._ZL11HalfGravityPK10FusionAhrs), (8 bytes).
    Removing fusion_ahrs.o(.ARM.exidx.text._ZL18FusionVectorIsZero12FusionVector), (8 bytes).
    Removing fusion_ahrs.o(.ARM.exidx.text._ZL8Feedback12FusionVectorS_), (8 bytes).
    Removing fusion_ahrs.o(.ARM.exidx.text._ZL21FusionVectorNormalise12FusionVector), (8 bytes).
    Removing fusion_ahrs.o(.ARM.exidx.text._ZL28FusionVectorMagnitudeSquared12FusionVector), (8 bytes).
    Removing fusion_ahrs.o(.ARM.exidx.text._ZL5Clampiii), (8 bytes).
    Removing fusion_ahrs.o(.ARM.exidx.text._ZL26FusionVectorMultiplyScalar12FusionVectorf), (8 bytes).
    Removing fusion_ahrs.o(.ARM.exidx.text._ZL15FusionVectorAdd12FusionVectorS_), (8 bytes).
    Removing fusion_ahrs.o(.ARM.exidx.text._ZL19FusionQuaternionAdd16FusionQuaternionS_), (8 bytes).
    Removing fusion_ahrs.o(.ARM.exidx.text._ZL30FusionQuaternionMultiplyVector16FusionQuaternion12FusionVector), (8 bytes).
    Removing fusion_ahrs.o(.ARM.exidx.text._ZL25FusionQuaternionNormalise16FusionQuaternion), (8 bytes).
    Removing fusion_ahrs.o(.ARM.exidx.text.Madgwick_updateIMU), (8 bytes).
    Removing fusion_ahrs.o(.ARM.exidx.text._ZL21FusionFastInverseSqrtf), (8 bytes).
    Removing fusion_ahrs.o(.ARM.exidx.text.FusionAhrsGetQuaternion), (8 bytes).
    Removing fusion_ahrs.o(.ARM.exidx.text.FusionAhrsSetQuaternion), (8 bytes).
    Removing fusion_ahrs.o(.text.FusionAhrsGetGravity), (134 bytes).
    Removing fusion_ahrs.o(.ARM.exidx.text.FusionAhrsGetGravity), (8 bytes).
    Removing fusion_ahrs.o(.text.FusionAhrsGetLinearAcceleration), (202 bytes).
    Removing fusion_ahrs.o(.ARM.exidx.text.FusionAhrsGetLinearAcceleration), (8 bytes).
    Removing fusion_ahrs.o(.ARM.exidx.text._ZL20FusionVectorSubtract12FusionVectorS_), (8 bytes).
    Removing fusion_ahrs.o(.text.FusionAhrsGetEarthAcceleration), (462 bytes).
    Removing fusion_ahrs.o(.ARM.exidx.text.FusionAhrsGetEarthAcceleration), (8 bytes).
    Removing fusion_ahrs.o(.text.FusionAhrsGetInternalStates), (136 bytes).
    Removing fusion_ahrs.o(.ARM.exidx.text.FusionAhrsGetInternalStates), (8 bytes).
    Removing fusion_ahrs.o(.text._ZL22FusionRadiansToDegreesf), (28 bytes).
    Removing fusion_ahrs.o(.ARM.exidx.text._ZL22FusionRadiansToDegreesf), (8 bytes).
    Removing fusion_ahrs.o(.text._ZL10FusionAsinf), (94 bytes).
    Removing fusion_ahrs.o(.ARM.exidx.text._ZL10FusionAsinf), (8 bytes).
    Removing fusion_ahrs.o(.text._ZL21FusionVectorMagnitude12FusionVector), (52 bytes).
    Removing fusion_ahrs.o(.ARM.exidx.text._ZL21FusionVectorMagnitude12FusionVector), (8 bytes).
    Removing fusion_ahrs.o(.text.FusionAhrsGetFlags), (44 bytes).
    Removing fusion_ahrs.o(.ARM.exidx.text.FusionAhrsGetFlags), (8 bytes).
    Removing fusion_ahrs.o(.text.FusionAhrsSetHeading), (272 bytes).
    Removing fusion_ahrs.o(.ARM.exidx.text.FusionAhrsSetHeading), (8 bytes).
    Removing fusion_ahrs.o(.text._ZL24FusionQuaternionMultiply16FusionQuaternionS_), (310 bytes).
    Removing fusion_ahrs.o(.ARM.exidx.text._ZL24FusionQuaternionMultiply16FusionQuaternionS_), (8 bytes).
    Removing fusion_ahrs.o(.ARM.exidx.text.FusionOffsetInitialise), (8 bytes).
    Removing fusion_ahrs.o(.ARM.exidx.text.FusionOffsetUpdate), (8 bytes).
    Removing fusion_ahrs.o(.ARM.exidx.text._ZL15FusionVectorSum12FusionVector), (8 bytes).
    Removing fusion_ahrs.o(.ARM.exidx.text._ZL27FusionVectorHadamardProduct12FusionVectorS_), (8 bytes).
    Removing fusion_ahrs.o(.ARM.exidx.text._ZL22FusionVectorDotProduct12FusionVectorS_), (8 bytes).
    Removing fusion_ahrs.o(.ARM.exidx.text._ZL24FusionVectorCrossProduct12FusionVectorS_), (8 bytes).
    Removing alg_crc.o(.text), (0 bytes).
    Removing alg_crc.o(.text.Crc_ccitt_byte), (42 bytes).
    Removing alg_crc.o(.ARM.exidx.text.Crc_ccitt_byte), (8 bytes).
    Removing alg_crc.o(.text.Crc_Ccitt_Calculate), (54 bytes).
    Removing alg_crc.o(.ARM.exidx.text.Crc_Ccitt_Calculate), (8 bytes).
    Removing alg_crc.o(.ARM.exidx.text.CRC08_Calculate), (8 bytes).
    Removing alg_crc.o(.text.CRC08_Verify), (66 bytes).
    Removing alg_crc.o(.ARM.exidx.text.CRC08_Verify), (8 bytes).
    Removing alg_crc.o(.ARM.exidx.text.CRC16_Calculate), (8 bytes).
    Removing alg_crc.o(.ARM.exidx.text.CRC16_Verify), (8 bytes).
    Removing alg_crc.o(.rodata.crc_ccitt_table), (512 bytes).
    Removing arm_mat_add_f32.o(.text), (0 bytes).
    Removing arm_mat_add_f32.o(.text.arm_mat_add_f32), (186 bytes).
    Removing arm_mat_add_f32.o(.ARM.exidx.text.arm_mat_add_f32), (8 bytes).
    Removing arm_mat_init_f32.o(.text), (0 bytes).
    Removing arm_mat_init_f32.o(.text.arm_mat_init_f32), (8 bytes).
    Removing arm_mat_init_f32.o(.ARM.exidx.text.arm_mat_init_f32), (8 bytes).
    Removing arm_mat_inverse_f32.o(.text), (0 bytes).
    Removing arm_mat_inverse_f32.o(.text.arm_mat_inverse_f32), (756 bytes).
    Removing arm_mat_inverse_f32.o(.ARM.exidx.text.arm_mat_inverse_f32), (8 bytes).
    Removing arm_mat_mult_f32.o(.text), (0 bytes).
    Removing arm_mat_mult_f32.o(.text.arm_mat_mult_f32), (296 bytes).
    Removing arm_mat_mult_f32.o(.ARM.exidx.text.arm_mat_mult_f32), (8 bytes).
    Removing arm_mat_sub_f32.o(.text), (0 bytes).
    Removing arm_mat_sub_f32.o(.text.arm_mat_sub_f32), (186 bytes).
    Removing arm_mat_sub_f32.o(.ARM.exidx.text.arm_mat_sub_f32), (8 bytes).
    Removing arm_mat_trans_f32.o(.text), (0 bytes).
    Removing arm_mat_trans_f32.o(.text.arm_mat_trans_f32), (162 bytes).
    Removing arm_mat_trans_f32.o(.ARM.exidx.text.arm_mat_trans_f32), (8 bytes).

2386 unused section(s) (total 153046 bytes) removed from the image.
