*** Using Compiler 'V6.22', folder: 'C:\Users\18380\AppData\Local\Keil_v5\ARM\ARMCLANG\Bin'
Rebuild target 'frame'
Note: source file '..\Sentry_libs\Module\Com_System\Queue.c' - object file renamed from 'frame\Queue.o' to 'frame\queue_1.o'.compiling can.c...
compiling freertos.c...
compiling usbd_cdc_if.c...
compiling dma.c...
compiling i2c.c...
assembling startup_stm32f407xx.s...
compiling stm32f4xx_it.c...
compiling stm32f4xx_hal_timebase_tim.c...
compiling tim.c...
compiling gpio.c...
compiling stm32f4xx_hal_msp.c...
compiling usart.c...
compiling spi.c...
compiling usbd_desc.c...
compiling usb_device.c...
../Core/Src/main.c(33): warning: In file included from...../Task\app_gimbal_task.h(15): warning: In file included from...../Task\app_command_task.h(9): warning: In file included from...../Task\app_shooter_task.h(19): warning: In file included from...../Sentry_libs/Module/Motor/Dji\dev_motor_dji.h(20): warning: 'PI' macro redefined [-Wmacro-redefined]
   20 | #define PI 3.14159265358979323846 // 圆周率要换位置
      |         ^
../Middlewares/ST/ARM/DSP/Inc\arm_math.h(475): note: previous definition is here
  475 |  #define PI               3.14159265358979f
      |          ^
1 warning generated.
compiling main.c...
compiling usbd_conf.c...
compiling stm32f4xx_hal_pcd_ex.c...
compiling stm32f4xx_hal_pcd.c...
compiling stm32f4xx_hal_tim_ex.c...
compiling stm32f4xx_hal_rcc.c...
compiling stm32f4xx_hal_tim.c...
compiling stm32f4xx_ll_usb.c...
compiling stm32f4xx_hal_flash.c...
compiling stm32f4xx_hal_rcc_ex.c...
compiling stm32f4xx_hal_flash_ex.c...
compiling stm32f4xx_hal_flash_ramfunc.c...
compiling stm32f4xx_hal_gpio.c...
compiling stm32f4xx_hal_dma_ex.c...
compiling stm32f4xx_hal_pwr.c...
compiling stm32f4xx_hal_dma.c...
compiling stm32f4xx_hal_pwr_ex.c...
compiling stm32f4xx_hal.c...
compiling stm32f4xx_hal_exti.c...
compiling stm32f4xx_hal_cortex.c...
compiling stm32f4xx_hal_can.c...
compiling stm32f4xx_hal_i2c_ex.c...
compiling event_groups.c...
compiling croutine.c...
compiling list.c...
compiling system_stm32f4xx.c...
compiling timers.c...
compiling queue.c...
compiling stream_buffer.c...
compiling stm32f4xx_hal_spi.c...
compiling tasks.c...
compiling stm32f4xx_hal_uart.c...
compiling stm32f4xx_hal_i2c.c...
compiling heap_4.c...
compiling cmsis_os.c...
compiling port.c...
compiling usbd_ioreq.c...
compiling usbd_ctlreq.c...
compiling usbd_core.c...
compiling usbd_cdc.c...
compiling bsp_fdcan.c...
compiling bsp_can.c...
compiling bsp_spi.c...
compiling SEGGER_RTT_printf.c...
compiling SEGGER_RTT.c...
compiling bsp_uart.c...
compiling bsp_log.c...
compiling bsp_pwm.c...
compiling bsp_dwt.c...
compiling bsp_gpio.c...
compiling bsp_iic.c...
compiling dev_dr16.c...
compiling Com_System.c...
compiling Queue.c...
compiling dev_motor_dm.c...
compiling dev_motor_dji.c...
compiling dev_ist_8310.c...
compiling dev_bmi088.c...
../Task/app_gimbal_task.c(8): warning: In file included from...../Task\app_gimbal_task.h(15): warning: In file included from...../Task\app_command_task.h(9): warning: In file included from...../Task\app_shooter_task.h(19): warning: In file included from...../Sentry_libs/Module/Motor/Dji\dev_motor_dji.h(20): warning: 'PI' macro redefined [-Wmacro-redefined]
   20 | #define PI 3.14159265358979323846 // 圆周率要换位置
      |         ^
../Middlewares/ST/ARM/DSP/Inc\arm_math.h(475): note: previous definition is here
  475 |  #define PI               3.14159265358979f
      |          ^
1 warning generated.
compiling app_gimbal_task.c...
compiling app_ins_task.c...
../Task/app_shooter_task.c(8): warning: In file included from...../Task\app_shooter_task.h(10): warning: In file included from...../Task\app_gimbal_task.h(25): warning: In file included from...../Sentry_libs/Module/Motor/Dji\dev_motor_dji.h(20): warning: 'PI' macro redefined [-Wmacro-redefined]
   20 | #define PI 3.14159265358979323846 // 圆周率要换位置
      |         ^
../Middlewares/ST/ARM/DSP/Inc\arm_math.h(475): note: previous definition is here
  475 |  #define PI               3.14159265358979f
      |          ^
1 warning generated.
compiling app_shooter_task.c...
../Task/app_command_task.c(8): warning: In file included from...../Task\app_command_task.h(9): warning: In file included from...../Task\app_shooter_task.h(10): warning: In file included from...../Task\app_gimbal_task.h(25): warning: In file included from...../Sentry_libs/Module/Motor/Dji\dev_motor_dji.h(20): warning: 'PI' macro redefined [-Wmacro-redefined]
   20 | #define PI 3.14159265358979323846 // 圆周率要换位置
      |         ^
../Middlewares/ST/ARM/DSP/Inc\arm_math.h(475): note: previous definition is here
  475 |  #define PI               3.14159265358979f
      |          ^
1 warning generated.
compiling app_command_task.c...
compiling alg_pid.c...
compiling dev_board_communicate.c...
compiling alg_kalman.c...
compiling alg_fliter.c...
compiling alg_quaternionEKF.c...
compiling Kalman.c...
compiling MahonyAHRS.c...
compiling kalman_filter.c...
compiling MadgwickAHRS.c...
compiling Fusion_AHRS.cpp...
linking...
Program Size: Code=104936 RO-data=2596 RW-data=984 ZI-data=30000  
FromELF: creating hex file...
"frame\frame.axf" - 0 Error(s), 4 Warning(s).
Build Time Elapsed:  00:00:06
